Microchip MPLAB XC8 Compiler V1.34 ()

Linker command line:

--edf=/opt/microchip/xc8/v1.34/dat/en_msgs.txt -cs \
  -h+dist/default/production/multitrx.X.production.sym \
  --cmf=dist/default/production/multitrx.X.production.cmf -z -Q18F26K20 \
  -o/tmp/cgtKOJSzQ -Mdist/default/production/multitrx.X.production.map -E1 \
  -ver=XC8 -ASTACK=0280h-0f5fh -pstack=STACK -ACODE=00h-0FFFFh \
  -ACONST=00h-0FFFFh -ASMALLCONST=01000h-010FFhx240 \
  -AMEDIUMCONST=01000h-0FFFFh -ACOMRAM=01h-05Fh -AABS1=00h-0F5Fh \
  -ABIGRAM=01h-0F5Fh -ARAM=060h-0FFh,0100h-01FFhx14,0F00h-0F5Fh \
  -ABANK0=060h-0FFh -ABANK1=0100h-01FFh -ABANK2=0200h-02FFh \
  -ABANK3=0300h-03FFh -ABANK4=0400h-04FFh -ABANK5=0500h-05FFh \
  -ABANK6=0600h-06FFh -ABANK7=0700h-07FFh -ABANK8=0800h-08FFh \
  -ABANK9=0900h-09FFh -ABANK10=0A00h-0AFFh -ABANK11=0B00h-0BFFh \
  -ABANK12=0C00h-0CFFh -ABANK13=0D00h-0DFFh -ABANK14=0E00h-0EFFh \
  -ABANK15=0F00h-0F5Fh -ASFR=0F60h-0FFFh \
  -preset_vec=00h,intcode=08h,intcodelo,powerup,init,end_init \
  -pramtop=01000h -psmallconst=SMALLCONST -pmediumconst=MEDIUMCONST \
  -pconst=CONST -AFARRAM=00h-00h -ACONFIG=0300000h-030000Dh -pconfig=CONFIG \
  -AIDLOC=0200000h-0200007h -pidloc=IDLOC -AEEDATA=0F00000h-0F003FFh \
  -peeprom_data=EEDATA \
  -prdata=COMRAM,nvrram=COMRAM,nvbit=COMRAM,rbss=COMRAM,rbit=COMRAM \
  -pfarbss=FARRAM,fardata=FARRAM,nvFARRAM=FARRAM \
  -pintsave_regs=BIGRAM,bigbss=BIGRAM,bigdata=BIGRAM -pbss=RAM \
  -pidata=CODE,irdata=CODE,ibigdata=CODE,ifardata=CODE -prparam=COMRAM \
  /tmp/cgtbwspve.obj dist/default/production/multitrx.X.production.obj 

Object code version is 3.11

Machine type is 18F26K20

Call graph: (short form)




                Name                               Link     Load   Length Selector   Space Scale
/tmp/cgtbwspve.obj
                end_init                             82       82        4        4       0
                reset_vec                             0        0        4        0       0
                config                           300000   300000        8   300000       0
dist/default/production/multitrx.X.production.obj
                intcode                               8        8       7A        4       0
                mediumconst                        FE36     FE36      1CA     7F1B       0
                text53                             1E0C     1E0C       CE        4       0
                text52                             23B8     23B8       6E        4       0
                text50                             29A8     29A8        E        4       0
                text49                             25F0     25F0       58        4       0
                text48                             2924     2924       1E        4       0
                text47                             2598     2598       58        4       0
                text46                             1B64     1B64       F8        4       0
                text45                             1C5C     1C5C       DE        4       0
                text44                             2064     2064       BE        4       0
                text43                             2122     2122       96        4       0
                text42                             24E6     24E6       5A        4       0
                text41                             248A     248A       5C        4       0
                text40                             269C     269C       4C        4       0
                text39                             1A62     1A62      102        4       0
                text38                              5E2      5E2      3E8        4       0
                text37                             1EDA     1EDA       CC        4       0
                text36                             1D3A     1D3A       D2        4       0
                text35                             18F6     18F6      16C        4       0
                text34                             2902     2902       22        4       0
                text33                             1602     1602      184        4       0
                text32                              9CA      9CA      34C        4       0
                text31                             2348     2348       70        4       0
                text30                             2990     2990       18        4       0
                text29                             29C4     29C4        6        4       0
                text28                             27D4     27D4       34        4       0
                text27                             28B8     28B8       26        4       0
                text26                             29BE     29BE        6        4       0
                text25                             2976     2976       1A        4       0
                text24                             2808     2808       32        4       0
                text23                              F74      F74      1AC        4       0
                text22                             12CA     12CA      1A4        4       0
                text21                              D16      D16      25E        4       0
                text20                             295C     295C       1A        4       0
                text19                             1FA6     1FA6       BE        4       0
                text18                             2540     2540       58        4       0
                text17                             22CA     22CA       7E        4       0
                text16                             29B6     29B6        8        4       0
                text15                             26E8     26E8       40        4       0
                text14                             2728     2728       3C        4       0
                text13                               86       86      55C        4       0
                text12                             2890     2890       28        4       0
                text11                             283A     283A       2C        4       0
                text10                             146E     146E      194        4       0
                text9                              1786     1786      170        4       0
                text8                              2942     2942       1A        4       0
                text7                              2764     2764       3A        4       0
                text6                              2426     2426       64        4       0
                text5                              279E     279E       36        4       0
                text4                              2866     2866       2A        4       0
                text3                              28DE     28DE       24        4       0
                text2                              21B8     21B8       8C        4       0
                text1                              2244     2244       86        4       0
                text0                              1120     1120      1AA        4       0
                cstackCOMRAM                          1        1       34        1       1
                cstackBANK0                          60       60       52       60       1
                bssBANK2                            200      200       80      200       1
                bssBANK1                            100      100      100      100       1
                bssBANK0                             B2       B2       19       60       1
                dataCOMRAM                           4E       4E        1        1       1
                bssCOMRAM                            35       35       19        1       1
                cinit                              2648     2648       54        4       0
                idataCOMRAM                        29CA     29CA        1        4       0

TOTAL           Name                               Link     Load   Length     Space
        CLASS   STACK          

        CLASS   CODE           
                end_init                             82       82        4         0
                intcode                               8        8       7A         0
                reset_vec                             0        0        4         0
                text53                             1E0C     1E0C       CE         0
                text52                             23B8     23B8       6E         0
                text50                             29A8     29A8        E         0
                text49                             25F0     25F0       58         0
                text48                             2924     2924       1E         0
                text47                             2598     2598       58         0
                text46                             1B64     1B64       F8         0
                text45                             1C5C     1C5C       DE         0
                text44                             2064     2064       BE         0
                text43                             2122     2122       96         0
                text42                             24E6     24E6       5A         0
                text41                             248A     248A       5C         0
                text40                             269C     269C       4C         0
                text39                             1A62     1A62      102         0
                text38                              5E2      5E2      3E8         0
                text37                             1EDA     1EDA       CC         0
                text36                             1D3A     1D3A       D2         0
                text35                             18F6     18F6      16C         0
                text34                             2902     2902       22         0
                text33                             1602     1602      184         0
                text32                              9CA      9CA      34C         0
                text31                             2348     2348       70         0
                text30                             2990     2990       18         0
                text29                             29C4     29C4        6         0
                text28                             27D4     27D4       34         0
                text27                             28B8     28B8       26         0
                text26                             29BE     29BE        6         0
                text25                             2976     2976       1A         0
                text24                             2808     2808       32         0
                text23                              F74      F74      1AC         0
                text22                             12CA     12CA      1A4         0
                text21                              D16      D16      25E         0
                text20                             295C     295C       1A         0
                text19                             1FA6     1FA6       BE         0
                text18                             2540     2540       58         0
                text17                             22CA     22CA       7E         0
                text16                             29B6     29B6        8         0
                text15                             26E8     26E8       40         0
                text14                             2728     2728       3C         0
                text13                               86       86      55C         0
                text12                             2890     2890       28         0
                text11                             283A     283A       2C         0
                text10                             146E     146E      194         0
                text9                              1786     1786      170         0
                text8                              2942     2942       1A         0
                text7                              2764     2764       3A         0
                text6                              2426     2426       64         0
                text5                              279E     279E       36         0
                text4                              2866     2866       2A         0
                text3                              28DE     28DE       24         0
                text2                              21B8     21B8       8C         0
                text1                              2244     2244       86         0
                text0                              1120     1120      1AA         0
                cinit                              2648     2648       54         0
                idataCOMRAM                        29CA     29CA        1         0

        CLASS   CONST          

        CLASS   SMALLCONST     

        CLASS   MEDIUMCONST    
                mediumconst                        FE36     FE36      1CA         0

        CLASS   COMRAM         
                cstackCOMRAM                          1        1       34         1
                dataCOMRAM                           4E       4E        1         1
                bssCOMRAM                            35       35       19         1

        CLASS   ABS1           

        CLASS   BIGRAM         

        CLASS   RAM            

        CLASS   BANK0          
                cstackBANK0                          60       60       52         1
                bssBANK0                             B2       B2       19         1

        CLASS   BANK1          
                bssBANK1                            100      100      100         1

        CLASS   BANK2          
                bssBANK2                            200      200       80         1

        CLASS   BANK3          

        CLASS   BANK4          

        CLASS   BANK5          

        CLASS   BANK6          

        CLASS   BANK7          

        CLASS   BANK8          

        CLASS   BANK9          

        CLASS   BANK10         

        CLASS   BANK11         

        CLASS   BANK12         

        CLASS   BANK13         

        CLASS   BANK14         

        CLASS   BANK15         

        CLASS   SFR            

        CLASS   FARRAM         

        CLASS   CONFIG         
                config                           300000   300000        8         0

        CLASS   IDLOC          

        CLASS   EEDATA         



SEGMENTS        Name                           Load    Length   Top    Selector   Space  Class

                reset_vec                      000000  000004  000004         0       0  CODE    
                cstackCOMRAM                   000001  00004E  00004F         1       1  COMRAM  
                intcode                        000008  0029C3  0029CB         4       0  CODE    
                cstackBANK0                    000060  00006B  0000CB        60       1  BANK0   
                bssBANK1                       000100  000100  000200       100       1  BANK1   
                bssBANK2                       000200  000080  000280       200       1  BANK2   
                mediumconst                    00FE36  0001CA  010000      7F1B       0  MEDIUMCO
                config                         300000  000008  300008    300000       0  CONFIG  


UNUSED ADDRESS RANGES

        Name                Unused          Largest block    Delta
        BANK0            0000CB-0000FF               35
        BANK10           000A00-000AFF              100
        BANK11           000B00-000BFF              100
        BANK12           000C00-000CFF              100
        BANK13           000D00-000DFF              100
        BANK14           000E00-000EFF              100
        BANK15           000F00-000F5F               60
        BANK2            000280-0002FF               80
        BANK3            000300-0003FF              100
        BANK4            000400-0004FF              100
        BANK5            000500-0005FF              100
        BANK6            000600-0006FF              100
        BANK7            000700-0007FF              100
        BANK8            000800-0008FF              100
        BANK9            000900-0009FF              100
        BIGRAM           00004F-00005F               11
                         0000CB-0000FF               35
                         000280-000F5F              CE0
        CODE             000004-000007                4
                         0029CB-00FE35             D46B
        COMRAM           00004F-00005F               11
        CONFIG           300008-30000D                6
        CONST            000004-000007                4
                         0029CB-00FE35             D46B
        EEDATA           F00000-F003FF              400
        IDLOC            200000-200007                8
        MEDIUMCONST      0029CB-00FE35             D46B
        RAM              0000CB-0000FF               35
                         000280-000F5F              100
        SFR              000F60-000FFF               A0
        SMALLCONST       0029CB-00FE35              100
        STACK            000280-000F5F              CE0

                                  Symbol Table

?___aldiv                  cstackCOMRAM 00001D
?___almod                  cstackCOMRAM 000011
?___awdiv                  cstackCOMRAM 000011
?___lldiv                  cstackCOMRAM 000011
?___lmul                   cstackCOMRAM 000011
?___lwdiv                  cstackCOMRAM 000011
?___lwmod                  cstackCOMRAM 000011
?___wmul                   cstackCOMRAM 000011
?_readAd                   cstackCOMRAM 000011
?_sample_pop               cstackCOMRAM 000011
?_sample_tick              cstackCOMRAM 000011
Read_b_eep@badd            cstackCOMRAM 000011
Write_b_eep@GIE_BIT_VAL    cstackCOMRAM 000014
Write_b_eep@badd           cstackCOMRAM 000011
Write_b_eep@bdat           cstackCOMRAM 000013
_ADCON0                    (abs)        000FC2
_ADCON0bits                (abs)        000FC2
_ADCON1                    (abs)        000FC1
_ADCON2                    (abs)        000FC0
_ADRESH                    (abs)        000FC4
_ADRESL                    (abs)        000FC3
_ANSEL                     (abs)        000F7E
_ANSELH                    (abs)        000F7F
_BAUDCON                   (abs)        000FB8
_Busy_eep                  text16       0029B6
_CREN                      (abs)        007D5C
_EEADR                     (abs)        000FA9
_EEADRH                    (abs)        000FAA
_EECON1bits                (abs)        000FA6
_EECON2                    (abs)        000FA7
_EEDATA                    (abs)        000FA8
_GIE                       (abs)        007F97
_INTCON                    (abs)        000FF2
_INTCON2bits               (abs)        000FF1
_INTCON3bits               (abs)        000FF0
_INTCONbits                (abs)        000FF2
_LATB2                     (abs)        007C52
_LATB3                     (abs)        007C53
_LATC4                     (abs)        007C5C
_LATC5                     (abs)        007C5D
_OERR                      (abs)        007D59
_OSCCON                    (abs)        000FD3
_OSCTUNE                   (abs)        000F9B
_PIE1                      (abs)        000F9D
_PORTB                     (abs)        000F81
_RCIF                      (abs)        007CF5
_RCREG                     (abs)        000FAE
_RCSTA                     (abs)        000FAB
_Read_b_eep                text20       00295C
_SPBRG                     (abs)        000FAF
_T0CON                     (abs)        000FD5
_T1CON                     (abs)        000FCD
_T3CON                     (abs)        000FB1
_TMR0H                     (abs)        000FD7
_TMR0IF                    (abs)        007F92
_TMR0L                     (abs)        000FD6
_TMR1H                     (abs)        000FCF
_TMR1IF                    (abs)        007CF0
_TMR1L                     (abs)        000FCE
_TMR1ON                    (abs)        007E68
_TMR3H                     (abs)        000FB3
_TMR3IF                    (abs)        007D09
_TMR3L                     (abs)        000FB2
_TMR3ON                    (abs)        007D88
_TRISA                     (abs)        000F92
_TRISB                     (abs)        000F93
_TRISC                     (abs)        000F94
_TXIE                      (abs)        007CEC
_TXIF                      (abs)        007CF4
_TXREG                     (abs)        000FAD
_TXSTA                     (abs)        000FAC
_WDTCON                    (abs)        000FD1
_Write_b_eep               text15       0026E8
__CFG_FOSC$INTIO67         (abs)        000000
__CFG_HFOFST$OFF           (abs)        000000
__CFG_LVP$OFF              (abs)        000000
__CFG_MCLRE$OFF            (abs)        000000
__CFG_PBADEN$OFF           (abs)        000000
__CFG_WDTEN$OFF            (abs)        000000
__CFG_WDTPS$32768          (abs)        000000
__HRAM                     (abs)        000000
__Habs1                    abs1         000000
__Hbank0                   bank0        000000
__Hbank1                   bank1        000000
__Hbank10                  bank10       000000
__Hbank11                  bank11       000000
__Hbank12                  bank12       000000
__Hbank13                  bank13       000000
__Hbank14                  bank14       000000
__Hbank15                  bank15       000000
__Hbank2                   bank2        000000
__Hbank3                   bank3        000000
__Hbank4                   bank4        000000
__Hbank5                   bank5        000000
__Hbank6                   bank6        000000
__Hbank7                   bank7        000000
__Hbank8                   bank8        000000
__Hbank9                   bank9        000000
__Hbigbss                  bigbss       000000
__Hbigdata                 bigdata      000000
__Hbigram                  bigram       000000
__Hbss                     bss          000000
__HbssBANK0                bssBANK0     000000
__HbssBANK1                bssBANK1     000000
__HbssBANK2                bssBANK2     000000
__HbssCOMRAM               bssCOMRAM    000000
__Hcinit                   cinit        000000
__Hclrtext                 clrtext      000000
__Hcomram                  comram       000000
__Hconfig                  config       300008
__Hconst                   const        000000
__HcstackBANK0             cstackBANK0  000000
__HcstackCOMRAM            cstackCOMRAM 000000
__Hdata                    data         000000
__HdataCOMRAM              dataCOMRAM   000000
__Heeprom_data             eeprom_data  000000
__Hend_init                end_init     000086
__Hfarbss                  farbss       000000
__Hfardata                 fardata      000000
__Hibigdata                ibigdata     000000
__Hidata                   idata        000000
__HidataCOMRAM             idataCOMRAM  000000
__Hidloc                   idloc        000000
__Hifardata                ifardata     000000
__Hinit                    init         000082
__Hintcode                 intcode      000082
__Hintcode_body            intcode_body 000000
__Hintcodelo               intcodelo    000082
__Hintentry                intentry     000000
__Hintret                  intret       000000
__Hintsave_regs            intsave_regs 000000
__Hirdata                  irdata       000000
__Hmediumconst             mediumconst  010000
__HnvFARRAM                nvFARRAM     000000
__Hnvbit                   nvbit        000000
__Hnvrram                  nvrram       000000
__Hparam                   rparam       000000
__Hpowerup                 powerup      000082
__Hram                     ram          000000
__Hramtop                  ramtop       001000
__Hrbit                    rbit         000000
__Hrbss                    rbss         000000
__Hrdata                   rdata        000000
__Hreset_vec               reset_vec    000004
__Hrparam                  rparam       000000
__Hsfr                     sfr          000000
__Hsmallconst              smallconst   000000
__Hspace_0                 (abs)        300008
__Hspace_1                 (abs)        000280
__Hspace_2                 (abs)        000000
__Hstack                   stack        000000
__Hstruct                  struct       000000
__Htemp                    temp         000000
__Htext                    text         000000
__Htext0                   text0        000000
__Htext1                   text1        000000
__Htext10                  text10       000000
__Htext11                  text11       000000
__Htext12                  text12       000000
__Htext13                  text13       000000
__Htext14                  text14       000000
__Htext15                  text15       000000
__Htext16                  text16       000000
__Htext17                  text17       000000
__Htext18                  text18       000000
__Htext19                  text19       000000
__Htext2                   text2        000000
__Htext20                  text20       000000
__Htext21                  text21       000000
__Htext22                  text22       000000
__Htext23                  text23       000000
__Htext24                  text24       000000
__Htext25                  text25       000000
__Htext26                  text26       000000
__Htext27                  text27       000000
__Htext28                  text28       000000
__Htext29                  text29       000000
__Htext3                   text3        000000
__Htext30                  text30       000000
__Htext31                  text31       000000
__Htext32                  text32       000000
__Htext33                  text33       000000
__Htext34                  text34       000000
__Htext35                  text35       000000
__Htext36                  text36       000000
__Htext37                  text37       000000
__Htext38                  text38       000000
__Htext39                  text39       000000
__Htext4                   text4        000000
__Htext40                  text40       000000
__Htext41                  text41       000000
__Htext42                  text42       000000
__Htext43                  text43       000000
__Htext44                  text44       000000
__Htext45                  text45       000000
__Htext46                  text46       000000
__Htext47                  text47       000000
__Htext48                  text48       000000
__Htext49                  text49       000000
__Htext5                   text5        000000
__Htext50                  text50       000000
__Htext52                  text52       000000
__Htext53                  text53       000000
__Htext6                   text6        000000
__Htext7                   text7        000000
__Htext8                   text8        000000
__Htext9                   text9        000000
__LRAM                     (abs)        000001
__Labs1                    abs1         000000
__Lbank0                   bank0        000000
__Lbank1                   bank1        000000
__Lbank10                  bank10       000000
__Lbank11                  bank11       000000
__Lbank12                  bank12       000000
__Lbank13                  bank13       000000
__Lbank14                  bank14       000000
__Lbank15                  bank15       000000
__Lbank2                   bank2        000000
__Lbank3                   bank3        000000
__Lbank4                   bank4        000000
__Lbank5                   bank5        000000
__Lbank6                   bank6        000000
__Lbank7                   bank7        000000
__Lbank8                   bank8        000000
__Lbank9                   bank9        000000
__Lbigbss                  bigbss       000000
__Lbigdata                 bigdata      000000
__Lbigram                  bigram       000000
__Lbss                     bss          000000
__LbssBANK0                bssBANK0     000000
__LbssBANK1                bssBANK1     000000
__LbssBANK2                bssBANK2     000000
__LbssCOMRAM               bssCOMRAM    000000
__Lcinit                   cinit        000000
__Lclrtext                 clrtext      000000
__Lcomram                  comram       000000
__Lconfig                  config       300000
__Lconst                   const        000000
__LcstackBANK0             cstackBANK0  000000
__LcstackCOMRAM            cstackCOMRAM 000000
__Ldata                    data         000000
__LdataCOMRAM              dataCOMRAM   000000
__Leeprom_data             eeprom_data  000000
__Lend_init                end_init     000082
__Lfarbss                  farbss       000000
__Lfardata                 fardata      000000
__Libigdata                ibigdata     000000
__Lidata                   idata        000000
__LidataCOMRAM             idataCOMRAM  000000
__Lidloc                   idloc        000000
__Lifardata                ifardata     000000
__Linit                    init         000082
__Lintcode                 intcode      000008
__Lintcode_body            intcode_body 000000
__Lintcodelo               intcodelo    000082
__Lintentry                intentry     000000
__Lintret                  intret       000000
__Lintsave_regs            intsave_regs 000000
__Lirdata                  irdata       000000
__Lmediumconst             mediumconst  00FE36
__LnvFARRAM                nvFARRAM     000000
__Lnvbit                   nvbit        000000
__Lnvrram                  nvrram       000000
__Lparam                   rparam       000000
__Lpowerup                 powerup      000082
__Lram                     ram          000000
__Lramtop                  ramtop       001000
__Lrbit                    rbit         000000
__Lrbss                    rbss         000000
__Lrdata                   rdata        000000
__Lreset_vec               reset_vec    000000
__Lrparam                  rparam       000000
__Lsfr                     sfr          000000
__Lsmallconst              smallconst   000000
__Lspace_0                 (abs)        000000
__Lspace_1                 (abs)        000000
__Lspace_2                 (abs)        000000
__Lstack                   stack        000000
__Lstruct                  struct       000000
__Ltemp                    temp         000000
__Ltext                    text         000000
__Ltext0                   text0        000000
__Ltext1                   text1        000000
__Ltext10                  text10       000000
__Ltext11                  text11       000000
__Ltext12                  text12       000000
__Ltext13                  text13       000000
__Ltext14                  text14       000000
__Ltext15                  text15       000000
__Ltext16                  text16       000000
__Ltext17                  text17       000000
__Ltext18                  text18       000000
__Ltext19                  text19       000000
__Ltext2                   text2        000000
__Ltext20                  text20       000000
__Ltext21                  text21       000000
__Ltext22                  text22       000000
__Ltext23                  text23       000000
__Ltext24                  text24       000000
__Ltext25                  text25       000000
__Ltext26                  text26       000000
__Ltext27                  text27       000000
__Ltext28                  text28       000000
__Ltext29                  text29       000000
__Ltext3                   text3        000000
__Ltext30                  text30       000000
__Ltext31                  text31       000000
__Ltext32                  text32       000000
__Ltext33                  text33       000000
__Ltext34                  text34       000000
__Ltext35                  text35       000000
__Ltext36                  text36       000000
__Ltext37                  text37       000000
__Ltext38                  text38       000000
__Ltext39                  text39       000000
__Ltext4                   text4        000000
__Ltext40                  text40       000000
__Ltext41                  text41       000000
__Ltext42                  text42       000000
__Ltext43                  text43       000000
__Ltext44                  text44       000000
__Ltext45                  text45       000000
__Ltext46                  text46       000000
__Ltext47                  text47       000000
__Ltext48                  text48       000000
__Ltext49                  text49       000000
__Ltext5                   text5        000000
__Ltext50                  text50       000000
__Ltext52                  text52       000000
__Ltext53                  text53       000000
__Ltext6                   text6        000000
__Ltext7                   text7        000000
__Ltext8                   text8        000000
__Ltext9                   text9        000000
__S0                       (abs)        300008
__S1                       (abs)        000280
__S2                       (abs)        000000
___aldiv                   text45       001C5C
___aldiv@counter           cstackCOMRAM 000025
___aldiv@dividend          cstackCOMRAM 00001D
___aldiv@divisor           cstackCOMRAM 000021
___aldiv@quotient          cstackCOMRAM 000027
___aldiv@sign              cstackCOMRAM 000026
___almod                   text44       002064
___almod@counter           cstackCOMRAM 000019
___almod@dividend          cstackCOMRAM 000011
___almod@divisor           cstackCOMRAM 000015
___almod@sign              cstackCOMRAM 00001A
___awdiv                   text43       002122
___awdiv@counter           cstackCOMRAM 000015
___awdiv@dividend          cstackCOMRAM 000011
___awdiv@divisor           cstackCOMRAM 000013
___awdiv@quotient          cstackCOMRAM 000017
___awdiv@sign              cstackCOMRAM 000016
___inthi_sp                stack        000000
___intlo_sp                stack        000000
___lldiv                   text2        0021B8
___lldiv@counter           cstackCOMRAM 00001D
___lldiv@dividend          cstackCOMRAM 000011
___lldiv@divisor           cstackCOMRAM 000015
___lldiv@quotient          cstackCOMRAM 000019
___lmul                    text42       0024E6
___lmul@multiplicand       cstackCOMRAM 000015
___lmul@multiplier         cstackCOMRAM 000011
___lmul@product            cstackCOMRAM 000019
___lwdiv                   text41       00248A
___lwdiv@counter           cstackCOMRAM 000015
___lwdiv@dividend          cstackCOMRAM 000011
___lwdiv@divisor           cstackCOMRAM 000013
___lwdiv@quotient          cstackCOMRAM 000016
___lwmod                   text40       00269C
___lwmod@counter           cstackCOMRAM 000015
___lwmod@dividend          cstackCOMRAM 000011
___lwmod@divisor           cstackCOMRAM 000013
___param_bank              (abs)        000010
___rparam_used             (abs)        000001
___sp                      stack        000000
___wmul                    text12       002890
___wmul@multiplicand       cstackCOMRAM 000013
___wmul@multiplier         cstackCOMRAM 000011
___wmul@product            cstackCOMRAM 000015
__accesstop                (abs)        000060
__activetblptr             (abs)        000002
__end_of_Busy_eep          text16       0029BE
__end_of_Read_b_eep        text20       002976
__end_of_Write_b_eep       text15       002728
__end_of___aldiv           text45       001D3A
__end_of___almod           text44       002122
__end_of___awdiv           text43       0021B8
__end_of___lldiv           text2        002244
__end_of___lmul            text42       002540
__end_of___lwdiv           text41       0024E6
__end_of___lwmod           text40       0026E8
__end_of___wmul            text12       0028B8
__end_of__initialization   cinit        002692
__end_of_asciiToHex        text30       0029A8
__end_of_blinkRxLed        text50       0029B6
__end_of_dataPinIn         text29       0029CA
__end_of_dataPinOut        text26       0029C4
__end_of_delayms           text28       002808
__end_of_doroDecode        text46       001C5C
__end_of_enter_rx          text27       0028DE
__end_of_enter_tx          text25       002990
__end_of_esicDecode        text37       001FA6
__end_of_esicPrint         text38       0009CA
__end_of_gaoDecode         text35       001A62
__end_of_gaoPrint          text36       001E0C
__end_of_gaoTx             text23       001120
__end_of_hardware_init     text34       002924
__end_of_intRoutineHigh    intcode      000082
__end_of_kangthaiTx        text22       00146E
__end_of_loadDefaults      text19       002064
__end_of_loadEeprom        text18       002598
__end_of_main              text0        0012CA
__end_of_nexaCodeDecode    text33       001786
__end_of_nexaDecode        text32       000D16
__end_of_nexaTx            text21       000F74
__end_of_outputRaw         text31       0023B8
__end_of_parseCmd          text9        0018F6
__end_of_parseSettings     text13       0005E2
__end_of_readAd            text17       002348
__end_of_reverse           text11       002866
__end_of_sample_init       text8        00295C
__end_of_sample_interrupt  text53       001EDA
__end_of_sample_pop        text7        00279E
__end_of_sample_tick       text6        00248A
__end_of_saveEeprom        text14       002764
__end_of_startupBlinkLed   text5        0027D4
__end_of_uart_get          text4        002890
__end_of_uart_in_waiting   text3        002902
__end_of_uart_init         text1        0022CA
__end_of_uart_interrupt    text52       002426
__end_of_uart_put          text49       002648
__end_of_uart_put_hex      text48       002942
__end_of_uart_put_int      text39       001B64
__end_of_uart_puts         text47       0025F0
__end_of_waitTimer         text24       00283A
__end_of_wavemanTx         text10       001602
__initialization           cinit        002648
__mediumconst              mediumconst  00FE36
__pbssBANK0                bssBANK0     0000B2
__pbssBANK1                bssBANK1     000100
__pbssBANK2                bssBANK2     000200
__pbssCOMRAM               bssCOMRAM    000035
__pcinit                   cinit        002648
__pcstackBANK0             cstackBANK0  000060
__pcstackCOMRAM            cstackCOMRAM 000001
__pdataCOMRAM              dataCOMRAM   00004E
__pidataCOMRAM             idataCOMRAM  0029CA
__pintcode                 intcode      000008
__pmediumconst             mediumconst  00FE36
__ptext0                   text0        001120
__ptext1                   text1        002244
__ptext10                  text10       00146E
__ptext11                  text11       00283A
__ptext12                  text12       002890
__ptext13                  text13       000086
__ptext14                  text14       002728
__ptext15                  text15       0026E8
__ptext16                  text16       0029B6
__ptext17                  text17       0022CA
__ptext18                  text18       002540
__ptext19                  text19       001FA6
__ptext2                   text2        0021B8
__ptext20                  text20       00295C
__ptext21                  text21       000D16
__ptext22                  text22       0012CA
__ptext23                  text23       000F74
__ptext24                  text24       002808
__ptext25                  text25       002976
__ptext26                  text26       0029BE
__ptext27                  text27       0028B8
__ptext28                  text28       0027D4
__ptext29                  text29       0029C4
__ptext3                   text3        0028DE
__ptext30                  text30       002990
__ptext31                  text31       002348
__ptext32                  text32       0009CA
__ptext33                  text33       001602
__ptext34                  text34       002902
__ptext35                  text35       0018F6
__ptext36                  text36       001D3A
__ptext37                  text37       001EDA
__ptext38                  text38       0005E2
__ptext39                  text39       001A62
__ptext4                   text4        002866
__ptext40                  text40       00269C
__ptext41                  text41       00248A
__ptext42                  text42       0024E6
__ptext43                  text43       002122
__ptext44                  text44       002064
__ptext45                  text45       001C5C
__ptext46                  text46       001B64
__ptext47                  text47       002598
__ptext48                  text48       002924
__ptext49                  text49       0025F0
__ptext5                   text5        00279E
__ptext50                  text50       0029A8
__ptext52                  text52       0023B8
__ptext53                  text53       001E0C
__ptext6                   text6        002426
__ptext7                   text7        002764
__ptext8                   text8        002942
__ptext9                   text9        001786
__ramtop                   ramtop       001000
__size_of_Busy_eep         (abs)        000000
__size_of_Read_b_eep       (abs)        000000
__size_of_Write_b_eep      (abs)        000000
__size_of___aldiv          (abs)        000000
__size_of___almod          (abs)        000000
__size_of___awdiv          (abs)        000000
__size_of___lldiv          (abs)        000000
__size_of___lmul           (abs)        000000
__size_of___lwdiv          (abs)        000000
__size_of___lwmod          (abs)        000000
__size_of___wmul           (abs)        000000
__size_of_asciiToHex       (abs)        000000
__size_of_blinkRxLed       (abs)        000000
__size_of_dataPinIn        (abs)        000000
__size_of_dataPinOut       (abs)        000000
__size_of_delayms          (abs)        000000
__size_of_doroDecode       (abs)        000000
__size_of_enter_rx         (abs)        000000
__size_of_enter_tx         (abs)        000000
__size_of_esicDecode       (abs)        000000
__size_of_esicPrint        (abs)        000000
__size_of_gaoDecode        (abs)        000000
__size_of_gaoPrint         (abs)        000000
__size_of_gaoTx            (abs)        000000
__size_of_hardware_init    (abs)        000000
__size_of_intRoutineHigh   (abs)        000000
__size_of_kangthaiTx       (abs)        000000
__size_of_loadDefaults     (abs)        000000
__size_of_loadEeprom       (abs)        000000
__size_of_main             (abs)        000000
__size_of_nexaCodeDecode   (abs)        000000
__size_of_nexaDecode       (abs)        000000
__size_of_nexaTx           (abs)        000000
__size_of_outputRaw        (abs)        000000
__size_of_parseCmd         (abs)        000000
__size_of_parseSettings    (abs)        000000
__size_of_readAd           (abs)        000000
__size_of_reverse          (abs)        000000
__size_of_sample_init      (abs)        000000
__size_of_sample_interrupt (abs)        000000
__size_of_sample_pop       (abs)        000000
__size_of_sample_tick      (abs)        000000
__size_of_saveEeprom       (abs)        000000
__size_of_startupBlinkLed  (abs)        000000
__size_of_uart_get         (abs)        000000
__size_of_uart_in_waiting  (abs)        000000
__size_of_uart_init        (abs)        000000
__size_of_uart_interrupt   (abs)        000000
__size_of_uart_put         (abs)        000000
__size_of_uart_put_hex     (abs)        000000
__size_of_uart_put_int     (abs)        000000
__size_of_uart_puts        (abs)        000000
__size_of_waitTimer        (abs)        000000
__size_of_wavemanTx        (abs)        000000
__smallconst               smallconst   000000
_asciiToHex                text30       002990
_blinkRxLed                text50       0029A8
_current_rssi              bssCOMRAM    000035
_dataPinIn                 text29       0029C4
_dataPinOut                text26       0029BE
_delayms                   text28       0027D4
_doroDecode                text46       001B64
_enter_rx                  text27       0028B8
_enter_tx                  text25       002976
_esicDecode                text37       001EDA
_esicPrint                 text38       0005E2
_gaoDecode                 text35       0018F6
_gaoPrint                  text36       001D3A
_gaoTx                     text23       000F74
_hardware_init             text34       002902
_intRoutineHigh            intcode      000008
_kangthaiTx                text22       0012CA
_loadDefaults              text19       001FA6
_loadEeprom                text18       002540
_main                      text0        001120
_nexaCodeDecode            text33       001602
_nexaDecode                text32       0009CA
_nexaTx                    text21       000D16
_outputRaw                 text31       002348
_parseCmd                  text9        001786
_parseSettings             text13       000086
_readAd                    text17       0022CA
_reverse                   text11       00283A
_rxbuffer                  bssBANK1     000100
_rxip                      bssCOMRAM    000037
_rxop                      bssCOMRAM    000039
_sample_init               text8        002942
_sample_interrupt          text53       001E0C
_sample_pop                text7        002764
_sample_tick               text6        002426
_samples                   bssBANK1     000180
_samples_ip                bssCOMRAM    000041
_samples_op                bssCOMRAM    000042
_saveEeprom                text14       002728
_startupBlinkLed           text5        00279E
_txbuffer                  bssBANK2     000200
_txip                      bssCOMRAM    00003B
_txop                      bssCOMRAM    00003D
_uart_get                  text4        002866
_uart_in_waiting           text3        0028DE
_uart_init                 text1        002244
_uart_interrupt            text52       0023B8
_uart_put                  text49       0025F0
_uart_put_hex              text48       002924
_uart_put_int              text39       001A62
_uart_puts                 text47       002598
_waitTimer                 text24       002808
_wavemanTx                 text10       00146E
asciiToHex@input           cstackCOMRAM 000011
delayms@counter            cstackCOMRAM 000014
delayms@ms                 cstackCOMRAM 000011
doroDecode@data            bssBANK0     0000C2
doroDecode@length          cstackCOMRAM 000016
doroDecode@nrbits          bssCOMRAM    000043
doroDecode@rf_state        cstackCOMRAM 00001A
doroDecode@state           bssCOMRAM    000044
end_of_initialization      cinit        002692
esicDecode@data            bssBANK0     0000BA
esicDecode@esicbit         bssCOMRAM    000045
esicDecode@nrbits          bssCOMRAM    000046
esicDecode@preamble_data   bssCOMRAM    000047
esicDecode@rf_pulse_length cstackCOMRAM 000033
esicDecode@state           bssCOMRAM    000048
esicPrint@channel          cstackBANK0  000072
esicPrint@counter          cstackBANK0  000077
esicPrint@data             cstackCOMRAM 00002F
esicPrint@house            cstackBANK0  000071
esicPrint@humidity         cstackBANK0  000073
esicPrint@lowbatt          cstackBANK0  000074
esicPrint@packetcount      cstackBANK0  000070
esicPrint@parity           cstackBANK0  000075
esicPrint@paritycalc       cstackBANK0  000076
esicPrint@temp             cstackBANK0  00007C
esicPrint@temperature      cstackBANK0  000078
gaoDecode@data             bssBANK0     0000BE
gaoDecode@gaobit           bssCOMRAM    000049
gaoDecode@nrbits           bssBANK0     0000C4
gaoDecode@nrsymbols        bssCOMRAM    00004A
gaoDecode@preamble_data    bssBANK0     0000C5
gaoDecode@rf_pulse_length  cstackCOMRAM 000023
gaoDecode@rf_state         cstackCOMRAM 000026
gaoDecode@state            bssBANK0     0000C6
gaoDecode@symbols          bssCOMRAM    00004B
gaoPrint@data              cstackCOMRAM 000016
gaoPrint@j                 cstackCOMRAM 000022
gaoPrint@number            cstackCOMRAM 00001E
gaoTx@bitnr                cstackCOMRAM 000027
gaoTx@data                 cstackCOMRAM 00001E
gaoTx@j                    cstackCOMRAM 000028
gaoTx@preamble             cstackCOMRAM 000026
gaoTx@resend               cstackCOMRAM 00001D
gaoTx@resends              cstackCOMRAM 000018
gaoTx@s                    cstackCOMRAM 000016
gaoTx@temp                 cstackCOMRAM 000022
intlevel0                  text         000000
intlevel1                  text         000000
intlevel2                  text         000000
intlevel3                  text         000000
kangthaiTx@bitnr           cstackCOMRAM 000024
kangthaiTx@data            cstackCOMRAM 000025
kangthaiTx@j               cstackCOMRAM 000029
kangthaiTx@j_379           cstackCOMRAM 00002A
kangthaiTx@resend          cstackCOMRAM 00001F
kangthaiTx@resends         cstackCOMRAM 000018
kangthaiTx@s               cstackCOMRAM 000016
kangthaiTx@temp            cstackCOMRAM 000020
loadDefaults@settingsp     cstackCOMRAM 000011
loadEeprom@j               cstackCOMRAM 000015
loadEeprom@settingsp       cstackCOMRAM 000013
main@c                     cstackBANK0  0000A1
main@line                  cstackBANK0  000080
main@line_len              cstackBANK0  0000A0
main@s                     cstackBANK0  0000A2
main@settings              cstackBANK0  0000A6
nexaCodeDecode@bitstate    cstackCOMRAM 00001B
nexaCodeDecode@data        bssCOMRAM    00003F
nexaCodeDecode@length      cstackCOMRAM 000016
nexaCodeDecode@state       bssCOMRAM    00004C
nexaCodeDecode@symbol_nr   bssBANK0     0000C7
nexaCodeDecode@unit        cstackCOMRAM 00001A
nexaDecode@bit_nr          bssCOMRAM    00004D
nexaDecode@bitstate        cstackCOMRAM 000030
nexaDecode@channel         cstackCOMRAM 000026
nexaDecode@data            bssBANK0     0000B2
nexaDecode@dim_found       bssBANK0     0000C8
nexaDecode@dimlevel        cstackCOMRAM 00002D
nexaDecode@group_en        cstackCOMRAM 000028
nexaDecode@id              cstackCOMRAM 000029
nexaDecode@j               cstackCOMRAM 00002E
nexaDecode@length          cstackCOMRAM 000019
nexaDecode@power           cstackCOMRAM 000027
nexaDecode@state           dataCOMRAM   00004E
nexaTx@bitnr               cstackCOMRAM 00002D
nexaTx@data                cstackCOMRAM 000025
nexaTx@data_len            cstackCOMRAM 00001F
nexaTx@j                   cstackCOMRAM 00002E
nexaTx@len                 cstackCOMRAM 000018
nexaTx@resend              cstackCOMRAM 000020
nexaTx@resends             cstackCOMRAM 000019
nexaTx@s                   cstackCOMRAM 000016
nexaTx@temp                cstackCOMRAM 000021
outputRaw@last_above       bssBANK0     0000C9
outputRaw@last_rssi        bssBANK0     0000CA
outputRaw@rf_length        cstackCOMRAM 000014
outputRaw@rf_state         cstackCOMRAM 00001B
outputRaw@rssi             cstackCOMRAM 000016
outputRaw@settingsp        cstackCOMRAM 000017
parseCmd@line_len          cstackBANK0  00006E
parseCmd@linep             cstackBANK0  00006C
parseCmd@settingsp         cstackBANK0  00006F
parseSettings@line_len     cstackCOMRAM 000031
parseSettings@linep        cstackCOMRAM 00002F
parseSettings@settingsp    cstackCOMRAM 000032
readAd@j                   cstackCOMRAM 000017
readAd@temp                cstackCOMRAM 000019
readAd@value               cstackCOMRAM 000015
reverse@input              cstackCOMRAM 000012
reverse@output             cstackCOMRAM 000011
sample_pop@s               cstackCOMRAM 000015
sample_tick@rssitemp       cstackCOMRAM 000015
saveEeprom@j               cstackCOMRAM 000017
saveEeprom@settingsp       cstackCOMRAM 000015
stackhi                    (abs)        000F5F
stacklo                    (abs)        000280
start                      init         000082
start_initialization       cinit        002648
startupBlinkLed@j          cstackCOMRAM 000016
uart_get@c                 cstackCOMRAM 000013
uart_init@baud             cstackCOMRAM 00001E
uart_init@spbrg_calc       cstackCOMRAM 000022
uart_put@c                 cstackCOMRAM 000013
uart_put_hex@data          cstackCOMRAM 000014
uart_put_int@buffer        cstackBANK0  000060
uart_put_int@input         cstackCOMRAM 00002B
uart_put_int@j             cstackBANK0  00006A
uart_put_int@start         cstackBANK0  000067
uart_put_int@stop          cstackBANK0  00006B
uart_put_int@temp          cstackBANK0  000068
uart_puts@s                cstackCOMRAM 000014
waitTimer@value            cstackCOMRAM 000011
wavemanTx@bitnr            cstackCOMRAM 000021
wavemanTx@data             cstackCOMRAM 00001F
wavemanTx@resend           cstackCOMRAM 00001E
wavemanTx@resends          cstackCOMRAM 000019
wavemanTx@s                cstackCOMRAM 000017
wavemanTx@temp             cstackCOMRAM 000022


FUNCTION INFORMATION:

 *************** function _main *****************
 Defined at:
		line 24 in file "../main.c"
 Parameters:    Size  Location     Type
		None
 Auto vars:     Size  Location     Type
  c               1   65[BANK0 ] unsigned char 
  s               4   66[BANK0 ] struct .
  line           32   32[BANK0 ] unsigned char [32]
  settings       12   70[BANK0 ] struct .
  line_len        1   64[BANK0 ] unsigned char 
 Return value:  Size  Location     Type
                  2  394[None  ] int 
 Registers used:
		wreg, fsr1l, fsr1h, fsr2l, fsr2h, status,2, status,0, tblptrl, tblptrh, tblptru, prodl, prodh, cstack
 Tracked objects:
		On entry : 
		On exit  : 
		Unchanged: 
 Data sizes:     COMRAM   BANK0   BANK1   BANK2   BANK3   BANK4   BANK5   BANK6   BANK7   BANK8   BANK9  BANK10  BANK11  BANK12  BANK13  BANK14  BANK15
      Params:         0       0       0       0       0       0       0       0       0       0       0       0       0       0       0       0       0
      Locals:         0      50       0       0       0       0       0       0       0       0       0       0       0       0       0       0       0
      Temps:          0       0       0       0       0       0       0       0       0       0       0       0       0       0       0       0       0
      Totals:         0      50       0       0       0       0       0       0       0       0       0       0       0       0       0       0       0
Total ram usage:       50 bytes
 Hardware stack levels required when called:    7
 This function calls:
		_doroDecode
		_enter_rx
		_esicDecode
		_gaoDecode
		_hardware_init
		_loadEeprom
		_nexaCodeDecode
		_nexaDecode
		_outputRaw
		_parseCmd
		_sample_init
		_sample_pop
		_sample_tick
		_startupBlinkLed
		_uart_get
		_uart_in_waiting
		_uart_init
		_uart_puts
 This function is called by:
		Startup code after reset
 This function uses a non-reentrant model


 *************** function _uart_init *****************
 Defined at:
		line 27 in file "../uart.c"
 Parameters:    Size  Location     Type
  baud            4   29[COMRAM] unsigned long 
 Auto vars:     Size  Location     Type
  spbrg_calc      4   33[COMRAM] unsigned long 
 Return value:  Size  Location     Type
		None               void
 Registers used:
		wreg, status,2, status,0, cstack
 Tracked objects:
		On entry : 
		On exit  : 
		Unchanged: 
 Data sizes:     COMRAM   BANK0   BANK1   BANK2   BANK3   BANK4   BANK5   BANK6   BANK7   BANK8   BANK9  BANK10  BANK11  BANK12  BANK13  BANK14  BANK15
      Params:         4       0       0       0       0       0       0       0       0       0       0       0       0       0       0       0       0
      Locals:         4       0       0       0       0       0       0       0       0       0       0       0       0       0       0       0       0
      Temps:          0       0       0       0       0       0       0       0       0       0       0       0       0       0       0       0       0
      Totals:         8       0       0       0       0       0       0       0       0       0       0       0       0       0       0       0       0
Total ram usage:        8 bytes
 Hardware stack levels used:    1
 Hardware stack levels required when called:    3
 This function calls:
		___lldiv
 This function is called by:
		_main
 This function uses a non-reentrant model


 *************** function ___lldiv *****************
 Defined at:
		line 8 in file "/opt/microchip/xc8/v1.34/sources/common/lldiv.c"
 Parameters:    Size  Location     Type
  dividend        4   16[COMRAM] unsigned long 
  divisor         4   20[COMRAM] unsigned long 
 Auto vars:     Size  Location     Type
  quotient        4   24[COMRAM] unsigned long 
  counter         1   28[COMRAM] unsigned char 
 Return value:  Size  Location     Type
                  4   16[COMRAM] unsigned long 
 Registers used:
		wreg, status,2, status,0
 Tracked objects:
		On entry : 
		On exit  : 
		Unchanged: 
 Data sizes:     COMRAM   BANK0   BANK1   BANK2   BANK3   BANK4   BANK5   BANK6   BANK7   BANK8   BANK9  BANK10  BANK11  BANK12  BANK13  BANK14  BANK15
      Params:         8       0       0       0       0       0       0       0       0       0       0       0       0       0       0       0       0
      Locals:         5       0       0       0       0       0       0       0       0       0       0       0       0       0       0       0       0
      Temps:          0       0       0       0       0       0       0       0       0       0       0       0       0       0       0       0       0
      Totals:        13       0       0       0       0       0       0       0       0       0       0       0       0       0       0       0       0
Total ram usage:       13 bytes
 Hardware stack levels used:    1
 Hardware stack levels required when called:    2
 This function calls:
		Nothing
 This function is called by:
		_uart_init
 This function uses a non-reentrant model


 *************** function _uart_in_waiting *****************
 Defined at:
		line 38 in file "../uart.c"
 Parameters:    Size  Location     Type
		None
 Auto vars:     Size  Location     Type
		None
 Return value:  Size  Location     Type
                  1    wreg      unsigned char 
 Registers used:
		wreg, status,2, status,0
 Tracked objects:
		On entry : 
		On exit  : 
		Unchanged: 
 Data sizes:     COMRAM   BANK0   BANK1   BANK2   BANK3   BANK4   BANK5   BANK6   BANK7   BANK8   BANK9  BANK10  BANK11  BANK12  BANK13  BANK14  BANK15
      Params:         0       0       0       0       0       0       0       0       0       0       0       0       0       0       0       0       0
      Locals:         0       0       0       0       0       0       0       0       0       0       0       0       0       0       0       0       0
      Temps:          0       0       0       0       0       0       0       0       0       0       0       0       0       0       0       0       0
      Totals:         0       0       0       0       0       0       0       0       0       0       0       0       0       0       0       0       0
Total ram usage:        0 bytes
 Hardware stack levels used:    1
 Hardware stack levels required when called:    2
 This function calls:
		Nothing
 This function is called by:
		_main
 This function uses a non-reentrant model


 *************** function _uart_get *****************
 Defined at:
		line 47 in file "../uart.c"
 Parameters:    Size  Location     Type
		None
 Auto vars:     Size  Location     Type
  c               1   18[COMRAM] unsigned char 
 Return value:  Size  Location     Type
                  1    wreg      unsigned char 
 Registers used:
		wreg, fsr2l, fsr2h, status,2, status,0
 Tracked objects:
		On entry : 
		On exit  : 
		Unchanged: 
 Data sizes:     COMRAM   BANK0   BANK1   BANK2   BANK3   BANK4   BANK5   BANK6   BANK7   BANK8   BANK9  BANK10  BANK11  BANK12  BANK13  BANK14  BANK15
      Params:         0       0       0       0       0       0       0       0       0       0       0       0       0       0       0       0       0
      Locals:         1       0       0       0       0       0       0       0       0       0       0       0       0       0       0       0       0
      Temps:          2       0       0       0       0       0       0       0       0       0       0       0       0       0       0       0       0
      Totals:         3       0       0       0       0       0       0       0       0       0       0       0       0       0       0       0       0
Total ram usage:        3 bytes
 Hardware stack levels used:    1
 Hardware stack levels required when called:    2
 This function calls:
		Nothing
 This function is called by:
		_main
 This function uses a non-reentrant model


 *************** function _startupBlinkLed *****************
 Defined at:
		line 63 in file "../helpers.c"
 Parameters:    Size  Location     Type
		None
 Auto vars:     Size  Location     Type
  j               1   21[COMRAM] unsigned char 
 Return value:  Size  Location     Type
		None               void
 Registers used:
		wreg, status,2, status,0, cstack
 Tracked objects:
		On entry : 
		On exit  : 
		Unchanged: 
 Data sizes:     COMRAM   BANK0   BANK1   BANK2   BANK3   BANK4   BANK5   BANK6   BANK7   BANK8   BANK9  BANK10  BANK11  BANK12  BANK13  BANK14  BANK15
      Params:         0       0       0       0       0       0       0       0       0       0       0       0       0       0       0       0       0
      Locals:         1       0       0       0       0       0       0       0       0       0       0       0       0       0       0       0       0
      Temps:          0       0       0       0       0       0       0       0       0       0       0       0       0       0       0       0       0
      Totals:         1       0       0       0       0       0       0       0       0       0       0       0       0       0       0       0       0
Total ram usage:        1 bytes
 Hardware stack levels used:    1
 Hardware stack levels required when called:    3
 This function calls:
		_delayms
 This function is called by:
		_main
 This function uses a non-reentrant model


 *************** function _sample_tick *****************
 Defined at:
		line 55 in file "../sample.c"
 Parameters:    Size  Location     Type
		None
 Auto vars:     Size  Location     Type
  rssitemp        2   20[COMRAM] unsigned int 
 Return value:  Size  Location     Type
                  2   16[COMRAM] int 
 Registers used:
		wreg, status,2, status,0
 Tracked objects:
		On entry : 
		On exit  : 
		Unchanged: 
 Data sizes:     COMRAM   BANK0   BANK1   BANK2   BANK3   BANK4   BANK5   BANK6   BANK7   BANK8   BANK9  BANK10  BANK11  BANK12  BANK13  BANK14  BANK15
      Params:         2       0       0       0       0       0       0       0       0       0       0       0       0       0       0       0       0
      Locals:         2       0       0       0       0       0       0       0       0       0       0       0       0       0       0       0       0
      Temps:          2       0       0       0       0       0       0       0       0       0       0       0       0       0       0       0       0
      Totals:         6       0       0       0       0       0       0       0       0       0       0       0       0       0       0       0       0
Total ram usage:        6 bytes
 Hardware stack levels used:    1
 Hardware stack levels required when called:    2
 This function calls:
		Nothing
 This function is called by:
		_main
 This function uses a non-reentrant model


 *************** function _sample_pop *****************
 Defined at:
		line 67 in file "../sample.c"
 Parameters:    Size  Location     Type
		None
 Auto vars:     Size  Location     Type
  s               4   20[COMRAM] struct .
 Return value:  Size  Location     Type
                  4   16[COMRAM] struct .
 Registers used:
		wreg, fsr2l, fsr2h, status,2, status,0, prodl, prodh
 Tracked objects:
		On entry : 
		On exit  : 
		Unchanged: 
 Data sizes:     COMRAM   BANK0   BANK1   BANK2   BANK3   BANK4   BANK5   BANK6   BANK7   BANK8   BANK9  BANK10  BANK11  BANK12  BANK13  BANK14  BANK15
      Params:         4       0       0       0       0       0       0       0       0       0       0       0       0       0       0       0       0
      Locals:         4       0       0       0       0       0       0       0       0       0       0       0       0       0       0       0       0
      Temps:          0       0       0       0       0       0       0       0       0       0       0       0       0       0       0       0       0
      Totals:         8       0       0       0       0       0       0       0       0       0       0       0       0       0       0       0       0
Total ram usage:        8 bytes
 Hardware stack levels used:    1
 Hardware stack levels required when called:    2
 This function calls:
		Nothing
 This function is called by:
		_main
 This function uses a non-reentrant model


 *************** function _sample_init *****************
 Defined at:
		line 13 in file "../sample.c"
 Parameters:    Size  Location     Type
		None
 Auto vars:     Size  Location     Type
		None
 Return value:  Size  Location     Type
		None               void
 Registers used:
		wreg, status,2
 Tracked objects:
		On entry : 
		On exit  : 
		Unchanged: 
 Data sizes:     COMRAM   BANK0   BANK1   BANK2   BANK3   BANK4   BANK5   BANK6   BANK7   BANK8   BANK9  BANK10  BANK11  BANK12  BANK13  BANK14  BANK15
      Params:         0       0       0       0       0       0       0       0       0       0       0       0       0       0       0       0       0
      Locals:         0       0       0       0       0       0       0       0       0       0       0       0       0       0       0       0       0
      Temps:          0       0       0       0       0       0       0       0       0       0       0       0       0       0       0       0       0
      Totals:         0       0       0       0       0       0       0       0       0       0       0       0       0       0       0       0       0
Total ram usage:        0 bytes
 Hardware stack levels used:    1
 Hardware stack levels required when called:    2
 This function calls:
		Nothing
 This function is called by:
		_main
 This function uses a non-reentrant model


 *************** function _parseCmd *****************
 Defined at:
		line 184 in file "../helpers.c"
 Parameters:    Size  Location     Type
  linep           2   12[BANK0 ] PTR unsigned char 
		 -> main@line(32), 
  line_len        1   14[BANK0 ] unsigned char 
  settingsp       2   15[BANK0 ] PTR struct .
		 -> main@settings(12), 
 Auto vars:     Size  Location     Type
		None
 Return value:  Size  Location     Type
		None               void
 Registers used:
		wreg, fsr1l, fsr1h, fsr2l, fsr2h, status,2, status,0, tblptrl, tblptrh, tblptru, prodl, prodh, cstack
 Tracked objects:
		On entry : 
		On exit  : 
		Unchanged: 
 Data sizes:     COMRAM   BANK0   BANK1   BANK2   BANK3   BANK4   BANK5   BANK6   BANK7   BANK8   BANK9  BANK10  BANK11  BANK12  BANK13  BANK14  BANK15
      Params:         0       5       0       0       0       0       0       0       0       0       0       0       0       0       0       0       0
      Locals:         0       0       0       0       0       0       0       0       0       0       0       0       0       0       0       0       0
      Temps:          0       0       0       0       0       0       0       0       0       0       0       0       0       0       0       0       0
      Totals:         0       5       0       0       0       0       0       0       0       0       0       0       0       0       0       0       0
Total ram usage:        5 bytes
 Hardware stack levels used:    1
 Hardware stack levels required when called:    6
 This function calls:
		_delayms
		_enter_rx
		_enter_tx
		_gaoTx
		_kangthaiTx
		_nexaTx
		_parseSettings
		_uart_puts
		_wavemanTx
 This function is called by:
		_main
 This function uses a non-reentrant model


 *************** function _wavemanTx *****************
 Defined at:
		line 6 in file "../waveman.c"
 Parameters:    Size  Location     Type
  s               2   22[COMRAM] PTR unsigned char 
		 -> main@line(32), 
  resends         1   24[COMRAM] unsigned char 
 Auto vars:     Size  Location     Type
  resend          1   29[COMRAM] unsigned char 
  temp            2   33[COMRAM] unsigned int 
  data            2   30[COMRAM] unsigned int 
  bitnr           1   32[COMRAM] unsigned char 
 Return value:  Size  Location     Type
		None               void
 Registers used:
		wreg, fsr1l, fsr1h, fsr2l, fsr2h, status,2, status,0, tblptrl, tblptrh, tblptru, prodl, prodh, cstack
 Tracked objects:
		On entry : 
		On exit  : 
		Unchanged: 
 Data sizes:     COMRAM   BANK0   BANK1   BANK2   BANK3   BANK4   BANK5   BANK6   BANK7   BANK8   BANK9  BANK10  BANK11  BANK12  BANK13  BANK14  BANK15
      Params:         3       0       0       0       0       0       0       0       0       0       0       0       0       0       0       0       0
      Locals:         6       0       0       0       0       0       0       0       0       0       0       0       0       0       0       0       0
      Temps:          4       0       0       0       0       0       0       0       0       0       0       0       0       0       0       0       0
      Totals:        13       0       0       0       0       0       0       0       0       0       0       0       0       0       0       0       0
Total ram usage:       13 bytes
 Hardware stack levels used:    1
 Hardware stack levels required when called:    5
 This function calls:
		___wmul
		_enter_rx
		_enter_tx
		_reverse
		_waitTimer
 This function is called by:
		_parseCmd
 This function uses a non-reentrant model


 *************** function _reverse *****************
 Defined at:
		line 35 in file "../helpers.c"
 Parameters:    Size  Location     Type
  input           1    wreg     unsigned char 
 Auto vars:     Size  Location     Type
  input           1   17[COMRAM] unsigned char 
  output          1   16[COMRAM] unsigned char 
 Return value:  Size  Location     Type
                  1    wreg      unsigned char 
 Registers used:
		wreg, status,2, status,0
 Tracked objects:
		On entry : 
		On exit  : 
		Unchanged: 
 Data sizes:     COMRAM   BANK0   BANK1   BANK2   BANK3   BANK4   BANK5   BANK6   BANK7   BANK8   BANK9  BANK10  BANK11  BANK12  BANK13  BANK14  BANK15
      Params:         0       0       0       0       0       0       0       0       0       0       0       0       0       0       0       0       0
      Locals:         2       0       0       0       0       0       0       0       0       0       0       0       0       0       0       0       0
      Temps:          0       0       0       0       0       0       0       0       0       0       0       0       0       0       0       0       0
      Totals:         2       0       0       0       0       0       0       0       0       0       0       0       0       0       0       0       0
Total ram usage:        2 bytes
 Hardware stack levels used:    1
 Hardware stack levels required when called:    2
 This function calls:
		Nothing
 This function is called by:
		_wavemanTx
 This function uses a non-reentrant model


 *************** function ___wmul *****************
 Defined at:
		line 15 in file "/opt/microchip/xc8/v1.34/sources/common/Umul16.c"
 Parameters:    Size  Location     Type
  multiplier      2   16[COMRAM] unsigned int 
  multiplicand    2   18[COMRAM] unsigned int 
 Auto vars:     Size  Location     Type
  product         2   20[COMRAM] unsigned int 
 Return value:  Size  Location     Type
                  2   16[COMRAM] unsigned int 
 Registers used:
		wreg, status,2, status,0, prodl, prodh
 Tracked objects:
		On entry : 
		On exit  : 
		Unchanged: 
 Data sizes:     COMRAM   BANK0   BANK1   BANK2   BANK3   BANK4   BANK5   BANK6   BANK7   BANK8   BANK9  BANK10  BANK11  BANK12  BANK13  BANK14  BANK15
      Params:         4       0       0       0       0       0       0       0       0       0       0       0       0       0       0       0       0
      Locals:         2       0       0       0       0       0       0       0       0       0       0       0       0       0       0       0       0
      Temps:          0       0       0       0       0       0       0       0       0       0       0       0       0       0       0       0       0
      Totals:         6       0       0       0       0       0       0       0       0       0       0       0       0       0       0       0       0
Total ram usage:        6 bytes
 Hardware stack levels used:    1
 Hardware stack levels required when called:    2
 This function calls:
		Nothing
 This function is called by:
		_wavemanTx
 This function uses a non-reentrant model


 *************** function _parseSettings *****************
 Defined at:
		line 92 in file "../helpers.c"
 Parameters:    Size  Location     Type
  linep           2   46[COMRAM] PTR unsigned char 
		 -> main@line(32), 
  line_len        1   48[COMRAM] unsigned char 
  settingsp       2   49[COMRAM] PTR struct .
		 -> main@settings(12), 
 Auto vars:     Size  Location     Type
		None
 Return value:  Size  Location     Type
		None               void
 Registers used:
		wreg, fsr1l, fsr1h, fsr2l, fsr2h, status,2, status,0, tblptrl, tblptrh, tblptru, prodl, prodh, cstack
 Tracked objects:
		On entry : 
		On exit  : 
		Unchanged: 
 Data sizes:     COMRAM   BANK0   BANK1   BANK2   BANK3   BANK4   BANK5   BANK6   BANK7   BANK8   BANK9  BANK10  BANK11  BANK12  BANK13  BANK14  BANK15
      Params:         5       0       0       0       0       0       0       0       0       0       0       0       0       0       0       0       0
      Locals:         0       0       0       0       0       0       0       0       0       0       0       0       0       0       0       0       0
      Temps:          1       0       0       0       0       0       0       0       0       0       0       0       0       0       0       0       0
      Totals:         6       0       0       0       0       0       0       0       0       0       0       0       0       0       0       0       0
Total ram usage:        6 bytes
 Hardware stack levels used:    1
 Hardware stack levels required when called:    5
 This function calls:
		_loadDefaults
		_loadEeprom
		_readAd
		_saveEeprom
		_uart_put
		_uart_put_int
		_uart_puts
 This function is called by:
		_parseCmd
 This function uses a non-reentrant model


 *************** function _saveEeprom *****************
 Defined at:
		line 24 in file "../config.c"
 Parameters:    Size  Location     Type
  settingsp       2   20[COMRAM] PTR struct .
		 -> main@settings(12), 
 Auto vars:     Size  Location     Type
  j               1   22[COMRAM] unsigned char 
 Return value:  Size  Location     Type
		None               void
 Registers used:
		wreg, fsr2l, fsr2h, status,2, status,0, prodl, prodh, cstack
 Tracked objects:
		On entry : 
		On exit  : 
		Unchanged: 
 Data sizes:     COMRAM   BANK0   BANK1   BANK2   BANK3   BANK4   BANK5   BANK6   BANK7   BANK8   BANK9  BANK10  BANK11  BANK12  BANK13  BANK14  BANK15
      Params:         2       0       0       0       0       0       0       0       0       0       0       0       0       0       0       0       0
      Locals:         1       0       0       0       0       0       0       0       0       0       0       0       0       0       0       0       0
      Temps:          0       0       0       0       0       0       0       0       0       0       0       0       0       0       0       0       0
      Totals:         3       0       0       0       0       0       0       0       0       0       0       0       0       0       0       0       0
Total ram usage:        3 bytes
 Hardware stack levels used:    1
 Hardware stack levels required when called:    3
 This function calls:
		_Busy_eep
		_Write_b_eep
 This function is called by:
		_parseSettings
 This function uses a non-reentrant model


 *************** function _Write_b_eep *****************
 Defined at:
		line 49 in file "/opt/microchip/xc8/v1.34/sources/pic18/plib/EEP/write_B.c"
 Parameters:    Size  Location     Type
  badd            2   16[COMRAM] unsigned int 
  bdat            1   18[COMRAM] unsigned char 
 Auto vars:     Size  Location     Type
  GIE_BIT_VAL     1   19[COMRAM] unsigned char 
 Return value:  Size  Location     Type
		None               void
 Registers used:
		wreg, status,2, status,0
 Tracked objects:
		On entry : 
		On exit  : 
		Unchanged: 
 Data sizes:     COMRAM   BANK0   BANK1   BANK2   BANK3   BANK4   BANK5   BANK6   BANK7   BANK8   BANK9  BANK10  BANK11  BANK12  BANK13  BANK14  BANK15
      Params:         3       0       0       0       0       0       0       0       0       0       0       0       0       0       0       0       0
      Locals:         1       0       0       0       0       0       0       0       0       0       0       0       0       0       0       0       0
      Temps:          0       0       0       0       0       0       0       0       0       0       0       0       0       0       0       0       0
      Totals:         4       0       0       0       0       0       0       0       0       0       0       0       0       0       0       0       0
Total ram usage:        4 bytes
 Hardware stack levels used:    1
 Hardware stack levels required when called:    2
 This function calls:
		Nothing
 This function is called by:
		_saveEeprom
 This function uses a non-reentrant model


 *************** function _Busy_eep *****************
 Defined at:
		line 12 in file "/opt/microchip/xc8/v1.34/sources/pic18/plib/EEP/busy_eep.c"
 Parameters:    Size  Location     Type
		None
 Auto vars:     Size  Location     Type
		None
 Return value:  Size  Location     Type
		None               void
 Registers used:
		None
 Tracked objects:
		On entry : 
		On exit  : 
		Unchanged: 
 Data sizes:     COMRAM   BANK0   BANK1   BANK2   BANK3   BANK4   BANK5   BANK6   BANK7   BANK8   BANK9  BANK10  BANK11  BANK12  BANK13  BANK14  BANK15
      Params:         0       0       0       0       0       0       0       0       0       0       0       0       0       0       0       0       0
      Locals:         0       0       0       0       0       0       0       0       0       0       0       0       0       0       0       0       0
      Temps:          0       0       0       0       0       0       0       0       0       0       0       0       0       0       0       0       0
      Totals:         0       0       0       0       0       0       0       0       0       0       0       0       0       0       0       0       0
Total ram usage:        0 bytes
 Hardware stack levels used:    1
 Hardware stack levels required when called:    2
 This function calls:
		Nothing
 This function is called by:
		_saveEeprom
 This function uses a non-reentrant model


 *************** function _readAd *****************
 Defined at:
		line 79 in file "../helpers.c"
 Parameters:    Size  Location     Type
		None
 Auto vars:     Size  Location     Type
  j               2   22[COMRAM] int 
  temp            2   24[COMRAM] unsigned int 
  value           2   20[COMRAM] unsigned int 
 Return value:  Size  Location     Type
                  2   16[COMRAM] unsigned int 
 Registers used:
		wreg, status,2, status,0
 Tracked objects:
		On entry : 
		On exit  : 
		Unchanged: 
 Data sizes:     COMRAM   BANK0   BANK1   BANK2   BANK3   BANK4   BANK5   BANK6   BANK7   BANK8   BANK9  BANK10  BANK11  BANK12  BANK13  BANK14  BANK15
      Params:         2       0       0       0       0       0       0       0       0       0       0       0       0       0       0       0       0
      Locals:         6       0       0       0       0       0       0       0       0       0       0       0       0       0       0       0       0
      Temps:          2       0       0       0       0       0       0       0       0       0       0       0       0       0       0       0       0
[...]
      Params:         8       0       0       0       0       0       0       0       0       0       0       0       0       0       0       0       0
      Locals:         2       0       0       0       0       0       0       0       0       0       0       0       0       0       0       0       0
      Temps:          0       0       0       0       0       0       0       0       0       0       0       0       0       0       0       0       0
      Totals:        10       0       0       0       0       0       0       0       0       0       0       0       0       0       0       0       0
Total ram usage:       10 bytes
 Hardware stack levels used:    1
 Hardware stack levels required when called:    2
 This function calls:
		Nothing
 This function is called by:
		_esicPrint
 This function uses a non-reentrant model


 *************** function ___aldiv *****************
 Defined at:
		line 8 in file "/opt/microchip/xc8/v1.34/sources/common/aldiv.c"
 Parameters:    Size  Location     Type
  dividend        4   28[COMRAM] long 
  divisor         4   32[COMRAM] long 
 Auto vars:     Size  Location     Type
  quotient        4   38[COMRAM] long 
  sign            1   37[COMRAM] unsigned char 
  counter         1   36[COMRAM] unsigned char 
 Return value:  Size  Location     Type
                  4   28[COMRAM] long 
 Registers used:
		wreg, status,2, status,0
 Tracked objects:
		On entry : 
		On exit  : 
		Unchanged: 
 Data sizes:     COMRAM   BANK0   BANK1   BANK2   BANK3   BANK4   BANK5   BANK6   BANK7   BANK8   BANK9  BANK10  BANK11  BANK12  BANK13  BANK14  BANK15
      Params:         8       0       0       0       0       0       0       0       0       0       0       0       0       0       0       0       0
      Locals:         6       0       0       0       0       0       0       0       0       0       0       0       0       0       0       0       0
      Temps:          0       0       0       0       0       0       0       0       0       0       0       0       0       0       0       0       0
      Totals:        14       0       0       0       0       0       0       0       0       0       0       0       0       0       0       0       0
Total ram usage:       14 bytes
 Hardware stack levels used:    1
 Hardware stack levels required when called:    2
 This function calls:
		Nothing
 This function is called by:
		_esicPrint
 This function uses a non-reentrant model


 *************** function _doroDecode *****************
 Defined at:
		line 11 in file "../doro.c"
 Parameters:    Size  Location     Type
  rf_state        1    wreg     unsigned char 
  length          1   21[COMRAM] unsigned char 
 Auto vars:     Size  Location     Type
  rf_state        1   25[COMRAM] unsigned char 
 Return value:  Size  Location     Type
		None               void
 Registers used:
		wreg, fsr1l, fsr1h, fsr2l, fsr2h, status,2, status,0, tblptrl, tblptrh, tblptru, cstack
 Tracked objects:
		On entry : 
		On exit  : 
		Unchanged: 
 Data sizes:     COMRAM   BANK0   BANK1   BANK2   BANK3   BANK4   BANK5   BANK6   BANK7   BANK8   BANK9  BANK10  BANK11  BANK12  BANK13  BANK14  BANK15
      Params:         1       0       0       0       0       0       0       0       0       0       0       0       0       0       0       0       0
      Locals:         1       0       0       0       0       0       0       0       0       0       0       0       0       0       0       0       0
      Temps:          3       0       0       0       0       0       0       0       0       0       0       0       0       0       0       0       0
      Totals:         5       0       0       0       0       0       0       0       0       0       0       0       0       0       0       0       0
Total ram usage:        5 bytes
 Hardware stack levels used:    1
 Hardware stack levels required when called:    4
 This function calls:
		_blinkRxLed
		_uart_put_hex
		_uart_puts
 This function is called by:
		_main
 This function uses a non-reentrant model


 *************** function _uart_puts *****************
 Defined at:
		line 69 in file "../uart.c"
 Parameters:    Size  Location     Type
  s               2   19[COMRAM] PTR const unsigned char 
		 -> STR_66(3), STR_65(3), STR_64(3), STR_63(3), 
		 -> uart_put_int@buffer(7), STR_62(43), STR_61(43), STR_60(6), 
		 -> STR_59(6), STR_58(6), STR_57(6), STR_56(6), 
		 -> STR_55(6), STR_54(6), STR_53(6), STR_52(6), 
		 -> STR_51(6), STR_50(6), STR_49(6), STR_48(6), 
		 -> STR_47(6), STR_46(3), STR_45(16), STR_44(3), 
		 -> STR_43(15), STR_42(23), STR_41(9), STR_40(21), 
		 -> STR_39(19), STR_38(19), STR_37(12), STR_36(3), 
		 -> STR_35(14), STR_34(12), STR_33(3), STR_32(14), 
		 -> STR_31(12), STR_30(3), STR_29(14), STR_28(11), 
		 -> STR_27(3), STR_26(14), STR_25(3), STR_24(20), 
		 -> STR_23(3), STR_22(24), STR_21(8), STR_20(3), 
		 -> STR_19(15), STR_18(8), STR_17(3), STR_16(14), 
		 -> STR_15(3), STR_14(15), STR_13(7), STR_12(3), 
		 -> STR_11(15), STR_10(8), STR_9(32), STR_8(3), 
		 -> STR_7(6), STR_6(3), STR_5(3), STR_4(3), 
		 -> STR_3(3), STR_2(3), STR_1(3), 
 Auto vars:     Size  Location     Type
		None
 Return value:  Size  Location     Type
		None               void
 Registers used:
		wreg, fsr1l, fsr1h, fsr2l, fsr2h, status,2, status,0, tblptrl, tblptrh, tblptru, cstack
 Tracked objects:
		On entry : 
		On exit  : 
		Unchanged: 
 Data sizes:     COMRAM   BANK0   BANK1   BANK2   BANK3   BANK4   BANK5   BANK6   BANK7   BANK8   BANK9  BANK10  BANK11  BANK12  BANK13  BANK14  BANK15
      Params:         2       0       0       0       0       0       0       0       0       0       0       0       0       0       0       0       0
      Locals:         0       0       0       0       0       0       0       0       0       0       0       0       0       0       0       0       0
      Temps:          0       0       0       0       0       0       0       0       0       0       0       0       0       0       0       0       0
      Totals:         2       0       0       0       0       0       0       0       0       0       0       0       0       0       0       0       0
Total ram usage:        2 bytes
 Hardware stack levels used:    1
 Hardware stack levels required when called:    3
 This function calls:
		_uart_put
 This function is called by:
		_doroDecode
		_esicPrint
		_gaoPrint
		_enter_rx
		_parseSettings
		_parseCmd
		_main
		_uart_put_int
		_nexaCodeDecode
		_nexaDecode
 This function uses a non-reentrant model


 *************** function _uart_put_hex *****************
 Defined at:
		line 96 in file "../uart.c"
 Parameters:    Size  Location     Type
  data            1    wreg     unsigned char 
 Auto vars:     Size  Location     Type
  data            1   19[COMRAM] unsigned char 
 Return value:  Size  Location     Type
		None               void
 Registers used:
		wreg, fsr2l, fsr2h, status,2, status,0, cstack
 Tracked objects:
		On entry : 
		On exit  : 
		Unchanged: 
 Data sizes:     COMRAM   BANK0   BANK1   BANK2   BANK3   BANK4   BANK5   BANK6   BANK7   BANK8   BANK9  BANK10  BANK11  BANK12  BANK13  BANK14  BANK15
      Params:         0       0       0       0       0       0       0       0       0       0       0       0       0       0       0       0       0
      Locals:         1       0       0       0       0       0       0       0       0       0       0       0       0       0       0       0       0
      Temps:          0       0       0       0       0       0       0       0       0       0       0       0       0       0       0       0       0
      Totals:         1       0       0       0       0       0       0       0       0       0       0       0       0       0       0       0       0
Total ram usage:        1 bytes
 Hardware stack levels used:    1
 Hardware stack levels required when called:    3
 This function calls:
		_uart_put
 This function is called by:
		_doroDecode
		_gaoPrint
		_nexaCodeDecode
		_nexaDecode
 This function uses a non-reentrant model


 *************** function _uart_put *****************
 Defined at:
		line 56 in file "../uart.c"
 Parameters:    Size  Location     Type
  c               1    wreg     unsigned char 
 Auto vars:     Size  Location     Type
  c               1   18[COMRAM] unsigned char 
 Return value:  Size  Location     Type
		None               void
 Registers used:
		wreg, fsr2l, fsr2h, status,2, status,0
 Tracked objects:
		On entry : 
		On exit  : 
		Unchanged: 
 Data sizes:     COMRAM   BANK0   BANK1   BANK2   BANK3   BANK4   BANK5   BANK6   BANK7   BANK8   BANK9  BANK10  BANK11  BANK12  BANK13  BANK14  BANK15
      Params:         0       0       0       0       0       0       0       0       0       0       0       0       0       0       0       0       0
      Locals:         1       0       0       0       0       0       0       0       0       0       0       0       0       0       0       0       0
      Temps:          2       0       0       0       0       0       0       0       0       0       0       0       0       0       0       0       0
      Totals:         3       0       0       0       0       0       0       0       0       0       0       0       0       0       0       0       0
Total ram usage:        3 bytes
 Hardware stack levels used:    1
 Hardware stack levels required when called:    2
 This function calls:
		Nothing
 This function is called by:
		_esicPrint
		_gaoPrint
		_parseSettings
		_uart_puts
		_uart_put_hex
		_outputRaw
		_nexaCodeDecode
		_nexaDecode
 This function uses a non-reentrant model


 *************** function _blinkRxLed *****************
 Defined at:
		line 72 in file "../helpers.c"
 Parameters:    Size  Location     Type
		None
 Auto vars:     Size  Location     Type
		None
 Return value:  Size  Location     Type
		None               void
 Registers used:
		wreg, status,2
 Tracked objects:
		On entry : 
		On exit  : 
		Unchanged: 
 Data sizes:     COMRAM   BANK0   BANK1   BANK2   BANK3   BANK4   BANK5   BANK6   BANK7   BANK8   BANK9  BANK10  BANK11  BANK12  BANK13  BANK14  BANK15
      Params:         0       0       0       0       0       0       0       0       0       0       0       0       0       0       0       0       0
      Locals:         0       0       0       0       0       0       0       0       0       0       0       0       0       0       0       0       0
      Temps:          0       0       0       0       0       0       0       0       0       0       0       0       0       0       0       0       0
      Totals:         0       0       0       0       0       0       0       0       0       0       0       0       0       0       0       0       0
Total ram usage:        0 bytes
 Hardware stack levels used:    1
 Hardware stack levels required when called:    2
 This function calls:
		Nothing
 This function is called by:
		_doroDecode
		_esicPrint
		_gaoPrint
		_nexaCodeDecode
		_nexaDecode
 This function uses a non-reentrant model


 *************** function _intRoutineHigh *****************
 Defined at:
		line 19 in file "../main.c"
 Parameters:    Size  Location     Type
		None
 Auto vars:     Size  Location     Type
		None
 Return value:  Size  Location     Type
		None               void
 Registers used:
		wreg, fsr2l, fsr2h, status,2, status,0, prodl, prodh, cstack
 Tracked objects:
		On entry : 
		On exit  : 
		Unchanged: 
 Data sizes:     COMRAM   BANK0   BANK1   BANK2   BANK3   BANK4   BANK5   BANK6   BANK7   BANK8   BANK9  BANK10  BANK11  BANK12  BANK13  BANK14  BANK15
      Params:         0       0       0       0       0       0       0       0       0       0       0       0       0       0       0       0       0
      Locals:         0       0       0       0       0       0       0       0       0       0       0       0       0       0       0       0       0
      Temps:         14       0       0       0       0       0       0       0       0       0       0       0       0       0       0       0       0
      Totals:        14       0       0       0       0       0       0       0       0       0       0       0       0       0       0       0       0
Total ram usage:       14 bytes
 Hardware stack levels used:    1
 Hardware stack levels required when called:    1
 This function calls:
		_sample_interrupt
		_uart_interrupt
 This function is called by:
		Interrupt level 2
 This function uses a non-reentrant model


 *************** function _uart_interrupt *****************
 Defined at:
		line 13 in file "../uart.c"
 Parameters:    Size  Location     Type
		None
 Auto vars:     Size  Location     Type
		None
 Return value:  Size  Location     Type
		None               void
 Registers used:
		wreg, fsr2l, fsr2h, status,2, status,0
 Tracked objects:
		On entry : 
		On exit  : 
		Unchanged: 
 Data sizes:     COMRAM   BANK0   BANK1   BANK2   BANK3   BANK4   BANK5   BANK6   BANK7   BANK8   BANK9  BANK10  BANK11  BANK12  BANK13  BANK14  BANK15
      Params:         0       0       0       0       0       0       0       0       0       0       0       0       0       0       0       0       0
      Locals:         0       0       0       0       0       0       0       0       0       0       0       0       0       0       0       0       0
      Temps:          2       0       0       0       0       0       0       0       0       0       0       0       0       0       0       0       0
      Totals:         2       0       0       0       0       0       0       0       0       0       0       0       0       0       0       0       0
Total ram usage:        2 bytes
 Hardware stack levels used:    1
 This function calls:
		Nothing
 This function is called by:
		_intRoutineHigh
 This function uses a non-reentrant model


 *************** function _sample_interrupt *****************
 Defined at:
		line 25 in file "../sample.c"
 Parameters:    Size  Location     Type
		None
 Auto vars:     Size  Location     Type
		None
 Return value:  Size  Location     Type
		None               void
 Registers used:
		wreg, fsr2l, fsr2h, status,2, status,0, prodl, prodh
 Tracked objects:
		On entry : 
		On exit  : 
		Unchanged: 
 Data sizes:     COMRAM   BANK0   BANK1   BANK2   BANK3   BANK4   BANK5   BANK6   BANK7   BANK8   BANK9  BANK10  BANK11  BANK12  BANK13  BANK14  BANK15
      Params:         0       0       0       0       0       0       0       0       0       0       0       0       0       0       0       0       0
      Locals:         0       0       0       0       0       0       0       0       0       0       0       0       0       0       0       0       0
      Temps:          2       0       0       0       0       0       0       0       0       0       0       0       0       0       0       0       0
      Totals:         2       0       0       0       0       0       0       0       0       0       0       0       0       0       0       0       0
Total ram usage:        2 bytes
 Hardware stack levels used:    1
 This function calls:
		Nothing
 This function is called by:
		_intRoutineHigh
 This function uses a non-reentrant model



MODULE INFORMATION

Module		Function		Class		Link	Load	Size
../doro.c
		_doroDecode    		CODE           	1B64	0000	249

../doro.c estimated size: 249

../main.c
		_intRoutineHigh		CODE           	0008	0000	123
		_main          		CODE           	1120	0000	427

../main.c estimated size: 550

/opt/microchip/xc8/v1.34/sources/common/aldiv.c
		___aldiv       		CODE           	1C5C	0000	223

/opt/microchip/xc8/v1.34/sources/common/aldiv.c estimated size: 223

/opt/microchip/xc8/v1.34/sources/pic18/plib/EEP/write_B.c
		_Write_b_eep   		CODE           	26E8	0000	65

/opt/microchip/xc8/v1.34/sources/pic18/plib/EEP/write_B.c estimated size: 65

../helpers.c
		_asciiToHex    		CODE           	2990	0000	25
		_enter_tx      		CODE           	2976	0000	27
		_waitTimer     		CODE           	2808	0000	51
		_startupBlinkLe		CODE           	279E	0000	55
		_parseCmd      		CODE           	1786	0000	369
		_blinkRxLed    		CODE           	29A8	0000	15
		_parseSettings 		CODE           	0086	0000	1373
		_delayms       		CODE           	27D4	0000	53
		_readAd        		CODE           	22CA	0000	127
		_reverse       		CODE           	283A	0000	45
		_enter_rx      		CODE           	28B8	0000	39

../helpers.c estimated size: 2179

../gao.c
		_gaoPrint      		CODE           	1D3A	0000	211
		_gaoDecode     		CODE           	18F6	0000	365
		_gaoTx         		CODE           	0F74	0000	429

../gao.c estimated size: 1005

../uart.c
		_uart_init     		CODE           	2244	0000	135
		_uart_get      		CODE           	2866	0000	43
		_uart_put      		CODE           	25F0	0000	89
		_uart_puts     		CODE           	2598	0000	89
		_uart_put_hex  		CODE           	2924	0000	31
		_uart_put_int  		CODE           	1A62	0000	259
		_uart_interrupt		CODE           	23B8	0000	111
		_uart_in_waitin		CODE           	28DE	0000	37

../uart.c estimated size: 794

/opt/microchip/xc8/v1.34/sources/pic18/plib/EEP/read_B.c
		_Read_b_eep    		CODE           	295C	0000	27

/opt/microchip/xc8/v1.34/sources/pic18/plib/EEP/read_B.c estimated size: 27

../nexa_code.c
		_nexaCodeDecode		CODE           	1602	0000	389

../nexa_code.c estimated size: 389

/opt/microchip/xc8/v1.34/sources/common/lwmod.c
		___lwmod       		CODE           	269C	0000	77

/opt/microchip/xc8/v1.34/sources/common/lwmod.c estimated size: 77

../waveman.c
		_wavemanTx     		CODE           	146E	0000	405

../waveman.c estimated size: 405

../raw.c
		_outputRaw     		CODE           	2348	0000	113

../raw.c estimated size: 113

../kangthai.c
		_kangthaiTx    		CODE           	12CA	0000	421

../kangthai.c estimated size: 421

../config.c
		_loadEeprom    		CODE           	2540	0000	89
		_loadDefaults  		CODE           	1FA6	0000	191
		_saveEeprom    		CODE           	2728	0000	61

../config.c estimated size: 341

/opt/microchip/xc8/v1.34/sources/pic18/plib/EEP/busy_eep.c
		_Busy_eep      		CODE           	29B6	0000	9

/opt/microchip/xc8/v1.34/sources/pic18/plib/EEP/busy_eep.c estimated size: 9

/opt/microchip/xc8/v1.34/sources/common/Umul16.c
		___wmul        		CODE           	2890	0000	41

/opt/microchip/xc8/v1.34/sources/common/Umul16.c estimated size: 41

shared
		__initializatio		CODE           	2648	0000	75

shared estimated size: 75

/opt/microchip/xc8/v1.34/sources/common/almod.c
		___almod       		CODE           	2064	0000	191

/opt/microchip/xc8/v1.34/sources/common/almod.c estimated size: 191

../hardware_11.c
		_dataPinIn     		CODE           	29C4	0000	7
		_dataPinOut    		CODE           	29BE	0000	7
		_hardware_init 		CODE           	2902	0000	35

../hardware_11.c estimated size: 49

/opt/microchip/xc8/v1.34/sources/common/lwdiv.c
		___lwdiv       		CODE           	248A	0000	93

/opt/microchip/xc8/v1.34/sources/common/lwdiv.c estimated size: 93

/opt/microchip/xc8/v1.34/sources/common/awdiv.c
		___awdiv       		CODE           	2122	0000	151

/opt/microchip/xc8/v1.34/sources/common/awdiv.c estimated size: 151

../sample.c
		_sample_pop    		CODE           	2764	0000	59
		_sample_tick   		CODE           	2426	0000	101
		_sample_init   		CODE           	2942	0000	27
		_sample_interru		CODE           	1E0C	0000	207

../sample.c estimated size: 394

/opt/microchip/xc8/v1.34/sources/common/lldiv.c
		___lldiv       		CODE           	21B8	0000	141

/opt/microchip/xc8/v1.34/sources/common/lldiv.c estimated size: 141

../nexa_learning.c
		_nexaDecode    		CODE           	09CA	0000	845
		_nexaTx        		CODE           	0D16	0000	607

../nexa_learning.c estimated size: 1452

/opt/microchip/xc8/v1.34/sources/common/Umul32.c
		___lmul        		CODE           	24E6	0000	91

/opt/microchip/xc8/v1.34/sources/common/Umul32.c estimated size: 91

../esic.c
		_esicDecode    		CODE           	1EDA	0000	205
		_esicPrint     		CODE           	05E2	0000	1001

../esic.c estimated size: 1206

