HI-TECH Software C Compiler 

Linker command line:

\
  --edf=C:\Program Files (x86)\HI-TECH Software\PICC-18\PRO\9.66\dat\en_msgs.txt \
  -cs -h+multitrx2620.sym -z -Q18F26K20 -ol.obj -Mmultitrx2620.map -E1 \
  -ACODE=00h-07FFFh -ACONST=00h-07FFFh \
  -ASMALLCONST=0F00h-0FFEh,0FFFh-010FEhx112,07FFFh-07FFFh \
  -AMEDIUMCONST=0F00h-07FFFh -ARAM=00h-0FFhx15 -ABIGRAM=00h-0EFFh \
  -ACOMRAM=00h-05Fh -AABS1=00h-0EFFh -ABANK0=00h-0FFh -ABANK1=0100h-01FFh \
  -ABANK2=0200h-02FFh -ABANK3=0300h-03FFh -ABANK4=0400h-04FFh \
  -ABANK5=0500h-05FFh -ABANK6=0600h-06FFh -ABANK7=0700h-07FFh \
  -ABANK8=0800h-08FFh -ABANK9=0900h-09FFh -ABANK10=0A00h-0AFFh \
  -ABANK11=0B00h-0BFFh -ABANK12=0C00h-0CFFh -ABANK13=0D00h-0DFFh \
  -ABANK14=0E00h-0EFFh -ANVRAM=0E00h-0EFFh \
  -preset_vec=00h,intcode=08h,intcodelo,powerup,init,end_init \
  -pramtop=0F00h -psmallconst=SMALLCONST -pmediumconst=MEDIUMCONST \
  -pconst=CONST -pparam2=BANK2 -AFARRAM=00h-00h -ACONFIG=0300000h-030000Dh \
  -pconfig=CONFIG -AIDLOC=0200000h-0200007h -pidloc=IDLOC \
  -AEEDATA=0F00000h-0F003FFh -peeprom_data=EEDATA \
  -prdata=COMRAM,nvrram=COMRAM,nvbit=COMRAM,rbss=COMRAM,rbit=COMRAM \
  -pfarbss=FARRAM,fardata=FARRAM \
  -pintsave_regs=BIGRAM,bigbss=BIGRAM,bigdata=BIGRAM -pbss=RAM \
  -pidata=CODE,irdata=CODE,ibigdata=CODE,ifardata=CODE \
  C:\Users\JONPET~1\AppData\Local\Temp\s6t4.obj multitrx2620.obj 

Object code version is 3.10

Machine type is 18F26K20

Call graph: (short form)

*_main size 0,52 offset 0
     _init size 0,0 offset 52
     _sInit size 4,4 offset 52
         ___lldiv size 8,6 offset 60
     _startupBlinkLed size 0,2 offset 52
         _delayms size 2,3 offset 84
     _sPuts size 2,0 offset 94
         _sPut size 1,4 offset 96
     _sPut size 1,4 offset 96
     _delayms size 2,3 offset 84
     _loadEeprom size 2,2 offset 64
         _eeprom_read size 2,0 offset 68
     _doroDecode size 2,1 offset 52
         _doroPrint size 2,4 offset 55
             _sPuts size 2,0 offset 94
             _sPutonehex size 1,0 offset 74
                 _sPut size 1,4 offset 96
             _sPut size 1,4 offset 96
             _blinkRxLed size 0,0 offset 79
*    _esicDecode size 1,1 offset 52
*        _esicPrint size 4,21 offset 54
             ___lmul size 8,4 offset 85
             ___aldiv size 8,7 offset 79
             _sPuts size 2,0 offset 94
*            _sPutint size 2,13 offset 79
*                ___lwdiv size 4,4 offset 94
                 ___lwmod size 4,2 offset 94
                 _sPuts size 2,0 offset 94
             _sPut size 1,4 offset 96
             ___aslmul size 6,0 offset 79
                 ___lmul size 8,4 offset 85
             ___almod size 8,3 offset 79
             ___awdiv size 4,5 offset 79
             _blinkRxLed size 0,0 offset 79
     _gaoDecode size 2,2 offset 52
         _sPutint size 2,13 offset 79
         _gaoPrint size 4,9 offset 56
             _sPuts size 2,0 offset 94
             _sPutonehex size 1,0 offset 74
             _sPut size 1,4 offset 96
             _blinkRxLed size 0,0 offset 79
     _nexaDecode size 2,2 offset 52
         _nexaPrint size 4,9 offset 56
             _sPuts size 2,0 offset 94
             _sPutonehex size 1,0 offset 74
             _sPut size 1,4 offset 96
             _blinkRxLed size 0,0 offset 79
     _bmcDecode size 3,7 offset 52
         _bmcPrint size 3,7 offset 62
             _sPuts size 2,0 offset 94
             _sPuthex size 1,1 offset 72
                 _sPutonehex size 1,0 offset 74
             _sPut size 1,4 offset 96
             _blinkRxLed size 0,0 offset 79
         _bmcRepeat size 4,4 offset 62
             _bmcTx size 5,8 offset 70
                 _startTransmit size 0,0 offset 83
                     _delayms size 2,3 offset 84
                     _dataPinOut size 0,0 offset 83
                 _bmcTxByte size 1,2 offset 83
                     _waitTimer size 2,2 offset 86
                 _waitTimer size 2,2 offset 86
                 _stopTransmit size 0,1 offset 83
                     _dataPinIn size 0,0 offset 84
                     _delayms size 2,3 offset 84
                     _sPuts size 2,0 offset 94
                     _sPut size 1,4 offset 96
     _sGet size 0,1 offset 52
*    _parseCmd size 5,1 offset 52
         _gaoTx size 3,15 offset 58
             _asciiToHex size 1,0 offset 80
             _startTransmit size 0,0 offset 83
             _waitTimer size 2,2 offset 86
             _stopTransmit size 0,1 offset 83
         _wavemanTx size 3,9 offset 58
             _reverse size 1,2 offset 70
             ___wmul size 4,2 offset 70
             _startTransmit size 0,0 offset 83
             _waitTimer size 2,2 offset 86
             _stopTransmit size 0,1 offset 83
         _nexaTx size 3,19 offset 58
             _asciiToHex size 1,0 offset 80
             _startTransmit size 0,0 offset 83
             _waitTimer size 2,2 offset 86
             _stopTransmit size 0,1 offset 83
         _kangthaiTx size 3,17 offset 58
             _startTransmit size 0,0 offset 83
             _waitTimer size 2,2 offset 86
             _stopTransmit size 0,1 offset 83
         _bmcConvertHex size 4,5 offset 58
             _asciiToHex size 1,0 offset 80
         _bmcTx size 5,8 offset 70
         _sPuts size 2,0 offset 94
         _sPut size 1,4 offset 96
*        _parseSettings size 5,1 offset 58
             _sPut size 1,4 offset 96
             _sPuts size 2,0 offset 94
             _readAd size 2,8 offset 64
*            _sPutint size 2,13 offset 79
             _saveEeprom size 2,2 offset 64
                 _eeprom_write size 3,0 offset 68
             _loadEeprom size 2,2 offset 64
             _loadDefaults size 2,0 offset 64
         _startTransmit size 0,0 offset 83
         _delayms size 2,3 offset 84
         _stopTransmit size 0,1 offset 83
     _sInWaiting size 0,0 offset 52

Estimated maximum call depth: 5

*intlevel2 size 0,0 offset 102
*    _intRoutineHigh size 0,14 offset 102

Estimated maximum call depth: 1


                Name          Link     Load   Length Selector Space Scale
C:\Users\JONPET~1\AppData\Local\Temp\s6t4.obj
                end_init        24       24       16       4     0
                init            18       18        C       4     0
                reset_vec        0        0        4       0     0
multitrx2620.obj
                intcode          8        8       10       4     0
                mediumcon     7E5E     7E5E      1A2    3F2F     0
                text40        51D6     51D6       28       4     0
                text39        4056     4056      146       4     0
                text38        517E     517E       2E       4     0
                text41        5098     5098       3E       4     0
                text44        49C6     49C6       B0       4     0
                text43        46D6     46D6       D0       4     0
                text42        51FE     51FE       1C       4     0
                text37        3D70     3D70      18C       4     0
                text32        3632     3632      1EE       4     0
                text31        4E1C     4E1C       6E       4     0
                text30        521A     521A        E       4     0
                text33        4DAC     4DAC       70       4     0
                text36        3EFC     3EFC      15A       4     0
                text35        3BBE     3BBE      1B2       4     0
                text34        4F56     4F56       5E       4     0
                text55        45E0     45E0       F6       4     0
                text54        4BBE     4BBE       8E       4     0
                text53        522E     522E        6       4     0
                text52        4D3C     4D3C       70       4     0
                text47        5056     5056       42       4     0
                text46        4864     4864       B2       4     0
                text45        4FB4     4FB4       54       4     0
                text48        4B22     4B22       9C       4     0
                text51        4EF4     4EF4       62       4     0
                text50        5228     5228        6       4     0
                text49        5008     5008       4E       4     0
                text29        42CA     42CA      11A       4     0
                text9         4E8A     4E8A       6A       4     0
                text8         50D6     50D6       3A       4     0
                text7         1AB6     1AB6      38C       4     0
                text10        4A76     4A76       AC       4     0
                text13        419C     419C      12E       4     0
                text12        4916     4916       B0       4     0
                text11        51AC     51AC       2A       4     0
                text6         5110     5110       3A       4     0
                text1         1724     1724      392       4     0
                text0         2D48     2D48      2BE       4     0
                text2         2A86     2A86      2C2       4     0
                text5         24BC     24BC      306       4     0
                text4         3434     3434      1FE       4     0
                text3         3226     3226      20E       4     0
                text24         BBA      BBA      5F8       4     0
                text23        47A6     47A6       BE       4     0
                text22        11B2     11B2      572       4     0
                text25        4C4C     4C4C       7C       4     0
                text28        514A     514A       34       4     0
                text27        4CC8     4CC8       74       4     0
                text26        3820     3820      1E0       4     0
                text21        27C2     27C2      2C4       4     0
                text16        43E4     43E4      102       4     0
                text15        3A00     3A00      1BE       4     0
                text14        3006     3006      220       4     0
                text17        1E42     1E42      33E       4     0
                text20        2180     2180      33C       4     0
                text19          3A       3A      B80       4     0
                text18        44E6     44E6       FA       4     0

COMMON          param2         200      200       74     200     1

TOTAL           Name          Link     Load   Length  Space
        CLASS   CODE           
                end_init        24       24       16     0
                intcode          8        8       10     0
                init            18       18        C     0
                reset_vec        0        0        4     0
                text40        51D6     51D6       28     0
                text39        4056     4056      146     0
                text38        517E     517E       2E     0
                text41        5098     5098       3E     0
                text44        49C6     49C6       B0     0
                text43        46D6     46D6       D0     0
                text42        51FE     51FE       1C     0
                text37        3D70     3D70      18C     0
                text32        3632     3632      1EE     0
                text31        4E1C     4E1C       6E     0
                text30        521A     521A        E     0
                text33        4DAC     4DAC       70     0
                text36        3EFC     3EFC      15A     0
                text35        3BBE     3BBE      1B2     0
                text34        4F56     4F56       5E     0
                text55        45E0     45E0       F6     0
                text54        4BBE     4BBE       8E     0
                text53        522E     522E        6     0
                text52        4D3C     4D3C       70     0
                text47        5056     5056       42     0
                text46        4864     4864       B2     0
                text45        4FB4     4FB4       54     0
                text48        4B22     4B22       9C     0
                text51        4EF4     4EF4       62     0
                text50        5228     5228        6     0
                text49        5008     5008       4E     0
                text29        42CA     42CA      11A     0
                text9         4E8A     4E8A       6A     0
                text8         50D6     50D6       3A     0
                text7         1AB6     1AB6      38C     0
                text10        4A76     4A76       AC     0
                text13        419C     419C      12E     0
                text12        4916     4916       B0     0
                text11        51AC     51AC       2A     0
                text6         5110     5110       3A     0
                text1         1724     1724      392     0
                text0         2D48     2D48      2BE     0
                text2         2A86     2A86      2C2     0
                text5         24BC     24BC      306     0
                text4         3434     3434      1FE     0
                text3         3226     3226      20E     0
                text24         BBA      BBA      5F8     0
                text23        47A6     47A6       BE     0
                text22        11B2     11B2      572     0
                text25        4C4C     4C4C       7C     0
                text28        514A     514A       34     0
                text27        4CC8     4CC8       74     0
                text26        3820     3820      1E0     0
                text21        27C2     27C2      2C4     0
                text16        43E4     43E4      102     0
                text15        3A00     3A00      1BE     0
                text14        3006     3006      220     0
                text17        1E42     1E42      33E     0
                text20        2180     2180      33C     0
                text19          3A       3A      B80     0
                text18        44E6     44E6       FA     0

        CLASS   CONST          

        CLASS   SMALLCONST     

        CLASS   MEDIUMCONST    
                mediumcon     7E5E     7E5E      1A2     0

        CLASS   RAM            

        CLASS   BIGRAM         

        CLASS   COMRAM         

        CLASS   ABS1           
                abs_s1           0        0      149     1

        CLASS   BANK0          

        CLASS   BANK1          

        CLASS   BANK2          
                param2         200      200       74     1

        CLASS   BANK3          

        CLASS   BANK4          

        CLASS   BANK5          

        CLASS   BANK6          

        CLASS   BANK7          

        CLASS   BANK8          

        CLASS   BANK9          

        CLASS   BANK10         

        CLASS   BANK11         

        CLASS   BANK12         

        CLASS   BANK13         

        CLASS   BANK14         

        CLASS   NVRAM          

        CLASS   FARRAM         

        CLASS   CONFIG         

        CLASS   IDLOC          

        CLASS   EEDATA         



SEGMENTS        Name           Load    Length   Top     Selector    Space Class

                reset_vec       000000  000004  000004         0       0  CODE    
                intcode         000008  00522C  005234         4       0  CODE    
                param2          000200  000074  000274       200       1  BANK2   
                mediumconst     007E5E  0001A2  008000      3F2F       0  MEDIUMCO


UNUSED ADDRESS RANGES

        BANK1            000149-0001FF
        BANK10           000A00-000AFF
        BANK11           000B00-000BFF
        BANK12           000C00-000CFF
        BANK13           000D00-000DFF
        BANK14           000E00-000EFF
        BANK2            000274-0002FF
        BANK3            000300-0003FF
        BANK4            000400-0004FF
        BANK5            000500-0005FF
        BANK6            000600-0006FF
        BANK7            000700-0007FF
        BANK8            000800-0008FF
        BANK9            000900-0009FF
        BIGRAM           000149-0001FF
                         000274-000EFF
        CODE             000004-000007
                         005234-007E5D
        CONFIG           300000-30000D
        CONST            000004-000007
                         005234-007E5D
        EEDATA           F00000-F003FF
        IDLOC            200000-200007
        MEDIUMCONST      005234-007E5D
        NVRAM            000E00-000EFF
        RAM              000149-0001FF
                         000274-000EFF
        SMALLCONST       005234-007E5D

                                  Symbol Table

??___aldiv                 param2       000257
??___almod                 param2       000257
??___aslmul                param2       000255
??___awdiv                 param2       000253
??___lldiv                 param2       000244
??___lmul                  param2       00025D
??___lwdiv                 param2       000262
??___lwmod                 param2       000262
??___wmul                  param2       00024A
??_asciiToHex              param2       000251
??_blinkRxLed              param2       00024F
??_bmcConvertHex           param2       00023E
??_bmcDecode               param2       000237
??_bmcPrint                param2       000241
??_bmcRepeat               param2       000242
??_bmcTx                   param2       00024B
??_bmcTxByte               param2       000254
??_dataPinIn               param2       000254
??_dataPinOut              param2       000253
??_delayms                 param2       000256
??_doroDecode              param2       000236
??_doroPrint               param2       000239
??_eeprom_read             param2       000246
??_eeprom_write            param2       000247
??_esicDecode              param2       000235
??_esicPrint               param2       00023A
??_gaoDecode               param2       000236
??_gaoPrint                param2       00023C
??_gaoTx                   param2       00023D
??_init                    param2       000234
??_intRoutineHigh          param2       000266
??_kangthaiTx              param2       00023D
??_loadDefaults            param2       000242
??_loadEeprom              param2       000242
??_main                    param2       000200
??_nexaDecode              param2       000236
??_nexaPrint               param2       00023C
??_nexaTx                  param2       00023D
??_parseCmd                param2       000239
??_parseSettings           param2       00023F
??_readAd                  param2       000242
??_reverse                 param2       000247
??_sGet                    param2       000234
??_sInWaiting              param2       000234
??_sInit                   param2       000238
??_sPut                    param2       000261
??_sPuthex                 param2       000249
??_sPutint                 param2       000251
??_sPutonehex              param2       00024B
??_sPuts                   param2       000260
??_saveEeprom              param2       000242
??_startTransmit           param2       000253
??_startupBlinkLed         param2       000234
??_stopTransmit            param2       000253
??_waitTimer               param2       000258
??_wavemanTx               param2       00023D
?___aldiv                  param2       00024F
?___almod                  param2       00024F
?___aslmul                 param2       00024F
?___awdiv                  param2       00024F
?___lldiv                  param2       00023C
?___lmul                   param2       000255
?___lwdiv                  param2       00025E
?___lwmod                  param2       00025E
?___wmul                   param2       000246
?_asciiToHex               param2       000250
?_blinkRxLed               param2       00024F
?_bmcConvertHex            param2       00023A
?_bmcDecode                param2       000234
?_bmcPrint                 param2       00023E
?_bmcRepeat                param2       00023E
?_bmcTx                    param2       000246
?_bmcTxByte                param2       000253
?_dataPinIn                param2       000254
?_dataPinOut               param2       000253
?_delayms                  param2       000254
?_doroDecode               param2       000234
?_doroPrint                param2       000237
?_eeprom_read              param2       000244
?_eeprom_write             param2       000244
?_esicDecode               param2       000234
?_esicPrint                param2       000236
?_gaoDecode                param2       000234
?_gaoPrint                 param2       000238
?_gaoTx                    param2       00023A
?_init                     param2       000234
?_intRoutineHigh           param2       000266
?_kangthaiTx               param2       00023A
?_loadDefaults             param2       000240
?_loadEeprom               param2       000240
?_main                     param2       000200
?_nexaDecode               param2       000234
?_nexaPrint                param2       000238
?_nexaTx                   param2       00023A
?_parseCmd                 param2       000234
?_parseSettings            param2       00023A
?_readAd                   param2       000240
?_reverse                  param2       000246
?_sGet                     param2       000234
?_sInWaiting               param2       000234
?_sInit                    param2       000234
?_sPut                     param2       000260
?_sPuthex                  param2       000248
?_sPutint                  param2       00024F
?_sPutonehex               param2       00024A
?_sPuts                    param2       00025E
?_saveEeprom               param2       000240
?_startTransmit            param2       000253
?_startupBlinkLed          param2       000234
?_stopTransmit             param2       000253
?_waitTimer                param2       000256
?_wavemanTx                param2       00023A
F2849                      (abs)        00012D
F2850                      (abs)        00013A
F2851                      (abs)        000140
F2852                      (abs)        000100
F2853                      (abs)        000124
F2854                      (abs)        000144
F2873                      (abs)        000139
F2874                      (abs)        000125
F2875                      (abs)        000121
F2876                      (abs)        000126
F2877                      (abs)        000143
F2878                      (abs)        000142
F2879                      (abs)        000145
F2896                      (abs)        000136
F2897                      (abs)        00012A
F2898                      (abs)        000137
F2899                      (abs)        000132
F2900                      (abs)        000147
F2916                      (abs)        000122
F2917                      (abs)        00012E
F2918                      (abs)        00013F
F2919                      (abs)        000146
F2920                      (abs)        000141
F2928                      (abs)        000123
F2929                      (abs)        00013D
F2930                      (abs)        000138
_ADCON0                    (abs)        000FC2
_ADCON1                    (abs)        000FC1
_ADCON2                    (abs)        000FC0
_ADRESH                    (abs)        000FC4
_ADRESL                    (abs)        000FC3
_ANSEL                     (abs)        000F7E
_ANSELH                    (abs)        000F7F
_BAUDCON                   (abs)        000FB8
_CARRY                     (abs)        007EC0
_CREN                      (abs)        007D5C
_CapStatus                 (abs)        000148
_EEADR                     (abs)        000FA9
_EECON1                    (abs)        000FA6
_EECON1bits                (abs)        000FA6
_EECON2                    (abs)        000FA7
_EEDATA                    (abs)        000FA8
_EEIF                      (abs)        007D0C
_GIE                       (abs)        007F97
_INTCON                    (abs)        000FF2
_LATB2                     (abs)        007C52
_LATB3                     (abs)        007C53
_LATC4                     (abs)        007C5C
_LATC5                     (abs)        007C5D
_OERR                      (abs)        007D59
_PIE1                      (abs)        000F9D
_PORTB                     (abs)        000F81
_RCIF                      (abs)        007CF5
_RCREG                     (abs)        000FAE
_RCSTA                     (abs)        000FAB
_SPBRG                     (abs)        000FAF
_T1CON                     (abs)        000FCD
_TMR0IF                    (abs)        007F92
_TMR0L                     (abs)        000FD6
_TMR1H                     (abs)        000FCF
_TMR1IF                    (abs)        007CF0
_TMR1L                     (abs)        000FCE
_TMR1ON                    (abs)        007E68
_TMR3H                     (abs)        000FB3
_TMR3IF                    (abs)        007D09
_TMR3L                     (abs)        000FB2
_TMR3ON                    (abs)        007D88
_TRISA                     (abs)        000F92
_TRISB                     (abs)        000F93
_TRISC                     (abs)        000F94
_TXIE                      (abs)        007CEC
_TXIF                      (abs)        007CF4
_TXREG                     (abs)        000FAD
_TXSTA                     (abs)        000FAC
_WDTCON                    (abs)        000FD1
_WREN                      (abs)        007D32
__HRAM                     (abs)        000000
__Habsbss0                 (abs)        000149
__Hbigbss                  bigbss       000274
__Hbigdata                 bigdata      000274
__Hbss                     bss          000000
__Hclrtext                 clrtext      00003A
__Hconfig                  config       300000
__Hconst                   const        00003A
__Hdata                    data         00003A
__Heeprom_data             eeprom_data  F00000
__Hend_init                end_init     00003A
__Hfarbss                  farbss       000000
__Hfardata                 fardata      000000
__Hibigdata                ibigdata     00003A
__Hidata                   idata        00003A
__Hidloc                   idloc        200000
__Hifardata                ifardata     00003A
__Hinit                    init         000024
__Hintcode                 intcode      000018
__Hintcodelo               intcodelo    000018
__Hintentry                intentry     00003A
__Hintret                  intret       00003A
__Hintsave_regs            intsave_regs 000274
__Hirdata                  irdata       00003A
__Hmediumconst             mediumconst  008000
__Hnvbit                   nvbit        000000
__Hnvram                   nvram        00003A
__Hnvrram                  nvrram       000000
__Hparam                   param2       000274
__Hparam0                  param0       00003A
__Hparam1                  param1       00003A
__Hparam10                 param10      00003A
__Hparam11                 param11      00003A
__Hparam12                 param12      00003A
__Hparam13                 param13      00003A
__Hparam14                 param14      00003A
__Hparam2                  param2       000274
__Hparam3                  param3       00003A
__Hparam4                  param4       00003A
__Hparam5                  param5       00003A
__Hparam6                  param6       00003A
__Hparam7                  param7       00003A
__Hparam8                  param8       00003A
__Hparam9                  param9       00003A
__Hpowerup                 powerup      000018
__Hramtop                  ramtop       000F00
__Hrbit                    rbit         000000
__Hrbss                    rbss         000000
__Hrdata                   rdata        000000
__Hreset_vec               reset_vec    000004
__Hrparam                  rparam       00003A
__Hsmallconst              smallconst   000F00
__Hstruct                  struct       000000
__Htemp                    temp         000000
__Htext                    text         00003A
__Htext0                   text0        00003A
__Htext1                   text1        00003A
__Htext10                  text10       00003A
__Htext11                  text11       00003A
__Htext12                  text12       00003A
__Htext13                  text13       00003A
__Htext14                  text14       00003A
__Htext15                  text15       00003A
__Htext16                  text16       00003A
__Htext17                  text17       00003A
__Htext18                  text18       00003A
__Htext19                  text19       00003A
__Htext2                   text2        00003A
__Htext20                  text20       00003A
__Htext21                  text21       00003A
__Htext22                  text22       00003A
__Htext23                  text23       00003A
__Htext24                  text24       00003A
__Htext25                  text25       00003A
__Htext26                  text26       00003A
__Htext27                  text27       00003A
__Htext28                  text28       00003A
__Htext29                  text29       00003A
__Htext3                   text3        00003A
__Htext30                  text30       00003A
__Htext31                  text31       00003A
__Htext32                  text32       00003A
__Htext33                  text33       00003A
__Htext34                  text34       00003A
__Htext35                  text35       00003A
__Htext36                  text36       00003A
__Htext37                  text37       00003A
__Htext38                  text38       00003A
__Htext39                  text39       00003A
__Htext4                   text4        00003A
__Htext40                  text40       00003A
__Htext41                  text41       00003A
__Htext42                  text42       00003A
__Htext43                  text43       00003A
__Htext44                  text44       00003A
__Htext45                  text45       00003A
__Htext46                  text46       00003A
__Htext47                  text47       00003A
__Htext48                  text48       00003A
__Htext49                  text49       00003A
__Htext5                   text5        00003A
__Htext50                  text50       00003A
__Htext51                  text51       00003A
__Htext52                  text52       00003A
__Htext53                  text53       00003A
__Htext54                  text54       00003A
__Htext55                  text55       00003A
__Htext6                   text6        00003A
__Htext7                   text7        00003A
__Htext8                   text8        00003A
__Htext9                   text9        00003A
__LRAM                     (abs)        000001
__Labsbss0                 (abs)        000000
__Lbigbss                  bigbss       000274
__Lbigdata                 bigdata      000274
__Lbss                     bss          000000
__Lclrtext                 clrtext      00003A
__Lconfig                  config       300000
__Lconst                   const        00003A
__Ldata                    (abs)        000000
__Leeprom_data             eeprom_data  F00000
__Lend_init                end_init     000024
__Lfarbss                  farbss       000000
__Lfardata                 fardata      000000
__Libigdata                ibigdata     00003A
__Lidata                   idata        00003A
__Lidloc                   idloc        200000
__Lifardata                ifardata     00003A
__Linit                    init         000018
__Lintcode                 intcode      000008
__Lintcodelo               intcodelo    000018
__Lintentry                intentry     00003A
__Lintret                  intret       00003A
__Lintsave_regs            intsave_regs 000274
__Lirdata                  irdata       00003A
__Lmediumconst             mediumconst  007E5E
__Lnvbit                   nvbit        000000
__Lnvram                   nvram        00003A
__Lnvrram                  nvrram       000000
__Lparam                   param2       000200
__Lparam0                  param0       00003A
__Lparam1                  param1       00003A
__Lparam10                 param10      00003A
__Lparam11                 param11      00003A
__Lparam12                 param12      00003A
__Lparam13                 param13      00003A
__Lparam14                 param14      00003A
__Lparam2                  param2       000200
__Lparam3                  param3       00003A
__Lparam4                  param4       00003A
__Lparam5                  param5       00003A
__Lparam6                  param6       00003A
__Lparam7                  param7       00003A
__Lparam8                  param8       00003A
__Lparam9                  param9       00003A
__Lpowerup                 powerup      000018
__Lramtop                  ramtop       000F00
__Lrbit                    rbit         000000
__Lrbss                    rbss         000000
__Lrdata                   rdata        000000
__Lreset_vec               reset_vec    000000
__Lrparam                  rparam       00003A
__Lsmallconst              smallconst   000F00
__Lstruct                  struct       000000
__Ltemp                    temp         000000
__Ltext                    text         00003A
__Ltext0                   text0        00003A
__Ltext1                   text1        00003A
__Ltext10                  text10       00003A
__Ltext11                  text11       00003A
__Ltext12                  text12       00003A
__Ltext13                  text13       00003A
__Ltext14                  text14       00003A
__Ltext15                  text15       00003A
__Ltext16                  text16       00003A
__Ltext17                  text17       00003A
__Ltext18                  text18       00003A
__Ltext19                  text19       00003A
__Ltext2                   text2        00003A
__Ltext20                  text20       00003A
__Ltext21                  text21       00003A
__Ltext22                  text22       00003A
__Ltext23                  text23       00003A
__Ltext24                  text24       00003A
__Ltext25                  text25       00003A
__Ltext26                  text26       00003A
__Ltext27                  text27       00003A
__Ltext28                  text28       00003A
__Ltext29                  text29       00003A
__Ltext3                   text3        00003A
__Ltext30                  text30       00003A
__Ltext31                  text31       00003A
__Ltext32                  text32       00003A
__Ltext33                  text33       00003A
__Ltext34                  text34       00003A
__Ltext35                  text35       00003A
__Ltext36                  text36       00003A
__Ltext37                  text37       00003A
__Ltext38                  text38       00003A
__Ltext39                  text39       00003A
__Ltext4                   text4        00003A
__Ltext40                  text40       00003A
__Ltext41                  text41       00003A
__Ltext42                  text42       00003A
__Ltext43                  text43       00003A
__Ltext44                  text44       00003A
__Ltext45                  text45       00003A
__Ltext46                  text46       00003A
__Ltext47                  text47       00003A
__Ltext48                  text48       00003A
__Ltext49                  text49       00003A
__Ltext5                   text5        00003A
__Ltext50                  text50       00003A
__Ltext51                  text51       00003A
__Ltext52                  text52       00003A
__Ltext53                  text53       00003A
__Ltext54                  text54       00003A
__Ltext55                  text55       00003A
__Ltext6                   text6        00003A
__Ltext7                   text7        00003A
__Ltext8                   text8        00003A
__Ltext9                   text9        00003A
__S0                       (abs)        F00000
__S1                       (abs)        000E00
___aldiv                   text32       003632
___aldiv@counter           param2       000257
___aldiv@dividend          param2       00024F
___aldiv@divisor           param2       000253
___aldiv@quotient          param2       000259
___aldiv@sign              param2       000258
___almod                   text35       003BBE
___almod@counter           param2       000258
___almod@dividend          param2       00024F
___almod@divisor           param2       000253
___almod@sign              param2       000257
___aslmul                  text34       004F56
___aslmul@mp               param2       00024F
___aslmul@multiplicand     param2       000251
___awdiv                   text36       003EFC
___awdiv@counter           param2       000253
___awdiv@dividend          param2       00024F
___awdiv@divisor           param2       000251
___awdiv@quotient          param2       000255
___awdiv@sign              param2       000254
___lldiv                   text13       00419C
___lldiv@counter           param2       000244
___lldiv@dividend          param2       00023C
___lldiv@divisor           param2       000240
___lldiv@quotient          param2       000245
___lmul                    text46       004864
___lmul@multiplicand       param2       000259
___lmul@multiplier         param2       000255
___lmul@product            param2       00025D
___lwdiv                   text43       0046D6
___lwdiv@counter           param2       000262
___lwdiv@dividend          param2       00025E
___lwdiv@divisor           param2       000260
___lwdiv@quotient          param2       000263
___lwmod                   text44       0049C6
___lwmod@counter           param2       000262
___lwmod@dividend          param2       00025E
___lwmod@divisor           param2       000260
___wmul                    text27       004CC8
___wmul@multiplicand       param2       000248
___wmul@multiplier         param2       000246
___wmul@product            param2       00024A
__accesstop                (abs)        000060
__activetblptr             (abs)        000002
__end_of___aldiv           text32       003820
__end_of___almod           text35       003D70
__end_of___aslmul          text34       004FB4
__end_of___awdiv           text36       004056
__end_of___lldiv           text13       0042CA
__end_of___lmul            text46       004916
__end_of___lwdiv           text43       0047A6
__end_of___lwmod           text44       004A76
__end_of___wmul            text27       004D3C
__end_of_asciiToHex        text28       00517E
__end_of_blinkRxLed        text30       005228
__end_of_bmcConvertHex     text18       0045E0
__end_of_bmcDecode         text7        001E42
__end_of_bmcPrint          text16       0044E6
__end_of_bmcRepeat         text12       0049C6
__end_of_bmcTx             text26       003A00
__end_of_bmcTxByte         text48       004BBE
__end_of_dataPinIn         text53       005234
__end_of_dataPinOut        text50       00522E
__end_of_delayms           text51       004F56
__end_of_doroDecode        text3        003434
__end_of_doroPrint         text23       004864
__end_of_eeprom_read       text40       0051FE
__end_of_eeprom_write      text45       005008
__end_of_esicDecode        text4        003632
__end_of_esicPrint         text24       0011B2
__end_of_gaoDecode         text1        001AB6
__end_of_gaoPrint          text15       003BBE
__end_of_gaoTx             text20       0024BC
__end_of_init              text11       0051D6
__end_of_intRoutineHigh    text55       0046D6
__end_of_kangthaiTx        text17       002180
__end_of_loadDefaults      text39       00419C
__end_of_loadEeprom        text33       004E1C
__end_of_main              text0        003006
__end_of_nexaDecode        text2        002D48
__end_of_nexaPrint         text14       003226
__end_of_nexaTx            text22       001724
__end_of_parseCmd          text5        0027C2
__end_of_parseSettings     text19       000BBA
__end_of_readAd            text29       0043E4
__end_of_reverse           text25       004CC8
__end_of_sGet              text8        005110
__end_of_sInWaiting        text6        00514A
__end_of_sInit             text10       004B22
__end_of_sPut              text54       004C4C
__end_of_sPuthex           text38       0051AC
__end_of_sPutint           text37       003EFC
__end_of_sPutonehex        text41       0050D6
__end_of_sPuts             text52       004DAC
__end_of_saveEeprom        text31       004E8A
__end_of_startTransmit     text42       00521A
__end_of_startupBlinkLed   text9        004EF4
__end_of_stopTransmit      text47       005098
__end_of_waitTimer         text49       005056
__end_of_wavemanTx         text21       002A86
__mediumconst              mediumconst  007E5E
__ramtop                   ramtop       000F00
__smallconst               smallconst   000F00
_asciiToHex                text28       00514A
_blinkRxLed                text30       00521A
_bmcConvertHex             text18       0044E6
_bmcDecode                 text7        001AB6
_bmcPrint                  text16       0043E4
_bmcRepeat                 text12       004916
_bmcTx                     text26       003820
_bmcTxByte                 text48       004B22
_dataPinIn                 text53       00522E
_dataPinOut                text50       005228
_delayms                   text51       004EF4
_doroDecode                text3        003226
_doroPrint                 text23       0047A6
_eeprom_read               text40       0051D6
_eeprom_write              text45       004FB4
_esicDecode                text4        003434
_esicPrint                 text24       000BBA
_exit                      init         000018
_gaoDecode                 text1        001724
_gaoPrint                  text15       003A00
_gaoTx                     text20       002180
_init                      text11       0051AC
_intRoutineHigh            text55       0045E0
_kangthaiTx                text17       001E42
_loadDefaults              text39       004056
_loadEeprom                text33       004DAC
_main                      text0        002D48
_nexaDecode                text2        002A86
_nexaPrint                 text14       003006
_nexaTx                    text22       0011B2
_parseCmd                  text5        0024BC
_parseSettings             text19       00003A
_readAd                    text29       0042CA
_reverse                   text25       004C4C
_rxbuffer                  (abs)        000080
_rxip                      (abs)        00013B
_rxop                      (abs)        00013C
_sGet                      text8        0050D6
_sInWaiting                text6        005110
_sInit                     text10       004A76
_sPut                      text54       004BBE
_sPuthex                   text38       00517E
_sPutint                   text37       003D70
_sPutonehex                text41       005098
_sPuts                     text52       004D3C
_saveEeprom                text31       004E1C
_startTransmit             text42       0051FE
_startupBlinkLed           text9        004E8A
_stopTransmit              text47       005056
_txbuffer                  (abs)        000000
_txip                      (abs)        00012B
_txop                      (abs)        00012C
_waitTimer                 text49       005008
_wavemanTx                 text21       0027C2
asciiToHex@input           param2       000250
bmcConvertHex@data_len     param2       00023C
bmcConvertHex@datap        param2       00023A
bmcConvertHex@k            param2       00023F
bmcConvertHex@temp         param2       00023E
bmcDecode@checksum         param2       000237
bmcDecode@j                param2       000238
bmcDecode@rf_pulse_length  param2       000234
bmcDecode@settingsp        param2       000235
bmcPrint@datap             param2       00023E
bmcPrint@in_hex            param2       000240
bmcPrint@j                 param2       000242
bmcPrint@payload_size      param2       000241
bmcRepeat@datap            param2       00023E
bmcRepeat@hops             param2       000243
bmcRepeat@payload_size     param2       000242
bmcRepeat@settingsp        param2       000240
bmcTx@checksum             param2       00024C
bmcTx@data_len             param2       000248
bmcTx@datap                param2       000246
bmcTx@hops                 param2       000249
bmcTx@j                    param2       00024E
bmcTx@k                    param2       00024D
bmcTx@k_167                param2       00024F
bmcTx@k_168                param2       000250
bmcTx@sends                param2       00024A
bmcTx@temp                 param2       00024B
bmcTxByte@data             param2       000253
bmcTxByte@j                param2       000254
delayms@counter            param2       000256
delayms@ms                 param2       000254
doroDecode@rf_pulse_length param2       000235
doroDecode@rf_state        param2       000234
doroPrint@data             param2       000237
doroPrint@j                param2       00023B
doroPrint@number           param2       000239
eeprom_read@addr           param2       000244
eeprom_write@addr          param2       000244
eeprom_write@value         param2       000246
esicDecode@rf_pulse_length param2       000234
esicPrint@channel          param2       00023C
esicPrint@constantcheck    param2       00023A
esicPrint@counter          param2       00024A
esicPrint@data             param2       000236
esicPrint@house            param2       00023D
esicPrint@humidity         param2       00023E
esicPrint@lowbatt          param2       00023F
esicPrint@packetcount      param2       00023B
esicPrint@parity           param2       000240
esicPrint@paritycalc       param2       000241
esicPrint@temp             param2       000246
esicPrint@temperature      param2       000242
gaoDecode@rf_pulse_length  param2       000235
gaoDecode@rf_state         param2       000234
gaoPrint@data              param2       000238
gaoPrint@j                 param2       000240
gaoPrint@number            param2       00023C
gaoTx@bitnr                param2       000248
gaoTx@data                 param2       000241
gaoTx@j                    param2       000245
gaoTx@preamble             param2       000247
gaoTx@resend               param2       000246
gaoTx@resends              param2       00023C
gaoTx@s                    param2       00023A
gaoTx@temp                 param2       00023D
int_func                   intcode      000008
intlevel0                  text         005234
intlevel1                  text         005234
intlevel2                  text         005234
intlevel3                  text         005234
kangthaiTx@bitnr           param2       000248
kangthaiTx@data            param2       000241
kangthaiTx@j               param2       000245
kangthaiTx@j_270           param2       000246
kangthaiTx@resend          param2       000247
kangthaiTx@resends         param2       00023C
kangthaiTx@s               param2       00023A
kangthaiTx@temp            param2       00023D
loadDefaults@settingsp     param2       000240
loadEeprom@j               param2       000242
loadEeprom@settingsp       param2       000240
main@line                  param2       000213
main@line_len              param2       000203
main@prev_rf_state         param2       000202
main@rf_pulse_length       param2       000204
main@rf_state              param2       000200
main@settings              param2       000205
main@temp_c                param2       000201
nexaDecode@rf_pulse_length param2       000235
nexaDecode@rf_state        param2       000234
nexaPrint@data             param2       000238
nexaPrint@j                param2       000240
nexaPrint@number           param2       00023C
nexaTx@bitnr               param2       00023E
nexaTx@data                param2       000243
nexaTx@dimming             param2       00023D
nexaTx@j                   param2       000247
nexaTx@resend              param2       000248
nexaTx@resends             param2       00023C
nexaTx@s                   param2       00023A
nexaTx@temp                param2       00023F
parseCmd@line_len          param2       000236
parseCmd@linep             param2       000234
parseCmd@settingsp         param2       000237
parseSettings@line_len     param2       00023C
parseSettings@linep        param2       00023A
parseSettings@settingsp    param2       00023D
readAd@j                   param2       000245
readAd@temp                param2       000243
readAd@value               param2       000242
reverse@input              param2       000246
reverse@output             param2       000247
sGet@c                     param2       000234
sInit@baud                 param2       000234
sInit@spbrg_calc           param2       000238
sPut@c                     param2       000260
sPuthex@input              param2       000248
sPutint@buffer             param2       000255
sPutint@input              param2       00024F
sPutint@j                  param2       00025C
sPutint@start              param2       000251
sPutint@stop               param2       000252
sPutint@temp               param2       000253
sPutonehex@data            param2       00024A
sPuts@s                    param2       00025E
saveEeprom@j               param2       000242
saveEeprom@settingsp       param2       000240
start                      init         000018
startupBlinkLed@j          param2       000234
waitTimer@value            param2       000256
wavemanTx@bitnr            param2       00023D
wavemanTx@data             param2       00023E
wavemanTx@resend           param2       000242
wavemanTx@resends          param2       00023C
wavemanTx@s                param2       00023A
wavemanTx@temp             param2       000240
